Component: ARM Compiler 5.05 update 1 (build 106) Tool: armlink [4d0efa]

==============================================================================

Section Cross References

    startup_stm32f103xb.o(STACK) refers (Special) to heapauxi.o(.text) for __use_two_region_memory
    startup_stm32f103xb.o(HEAP) refers (Special) to heapauxi.o(.text) for __use_two_region_memory
    startup_stm32f103xb.o(RESET) refers (Special) to heapauxi.o(.text) for __use_two_region_memory
    startup_stm32f103xb.o(RESET) refers to startup_stm32f103xb.o(STACK) for __initial_sp
    startup_stm32f103xb.o(RESET) refers to startup_stm32f103xb.o(.text) for Reset_Handler
    startup_stm32f103xb.o(RESET) refers to stm32f1xx_it.o(i.NMI_Handler) for NMI_Handler
    startup_stm32f103xb.o(RESET) refers to stm32f1xx_it.o(i.HardFault_Handler) for HardFault_Handler
    startup_stm32f103xb.o(RESET) refers to stm32f1xx_it.o(i.MemManage_Handler) for MemManage_Handler
    startup_stm32f103xb.o(RESET) refers to stm32f1xx_it.o(i.BusFault_Handler) for BusFault_Handler
    startup_stm32f103xb.o(RESET) refers to stm32f1xx_it.o(i.UsageFault_Handler) for UsageFault_Handler
    startup_stm32f103xb.o(RESET) refers to stm32f1xx_it.o(i.SVC_Handler) for SVC_Handler
    startup_stm32f103xb.o(RESET) refers to stm32f1xx_it.o(i.DebugMon_Handler) for DebugMon_Handler
    startup_stm32f103xb.o(RESET) refers to stm32f1xx_it.o(i.PendSV_Handler) for PendSV_Handler
    startup_stm32f103xb.o(RESET) refers to stm32f1xx_it.o(i.SysTick_Handler) for SysTick_Handler
    startup_stm32f103xb.o(RESET) refers to stm32f1xx_it.o(i.DMA1_Channel4_IRQHandler) for DMA1_Channel4_IRQHandler
    startup_stm32f103xb.o(RESET) refers to stm32f1xx_it.o(i.DMA1_Channel5_IRQHandler) for DMA1_Channel5_IRQHandler
    startup_stm32f103xb.o(RESET) refers to stm32f1xx_it.o(i.TIM3_IRQHandler) for TIM3_IRQHandler
    startup_stm32f103xb.o(RESET) refers to stm32f1xx_it.o(i.I2C2_EV_IRQHandler) for I2C2_EV_IRQHandler
    startup_stm32f103xb.o(RESET) refers to stm32f1xx_it.o(i.I2C2_ER_IRQHandler) for I2C2_ER_IRQHandler
    startup_stm32f103xb.o(.text) refers (Special) to heapauxi.o(.text) for __use_two_region_memory
    startup_stm32f103xb.o(.text) refers to system_stm32f1xx.o(i.SystemInit) for SystemInit
    startup_stm32f103xb.o(.text) refers to __main.o(!!!main) for __main
    startup_stm32f103xb.o(.text) refers to startup_stm32f103xb.o(HEAP) for Heap_Mem
    startup_stm32f103xb.o(.text) refers to startup_stm32f103xb.o(STACK) for Stack_Mem
    main.o(i.SystemClock_Config) refers to rt_memclr_w.o(.text) for __aeabi_memclr4
    main.o(i.SystemClock_Config) refers to stm32f1xx_hal_rcc.o(i.HAL_RCC_OscConfig) for HAL_RCC_OscConfig
    main.o(i.SystemClock_Config) refers to main.o(i.Error_Handler) for Error_Handler
    main.o(i.SystemClock_Config) refers to stm32f1xx_hal_rcc.o(i.HAL_RCC_ClockConfig) for HAL_RCC_ClockConfig
    main.o(i.SystemClock_Config) refers to stm32f1xx_hal_rcc_ex.o(i.HAL_RCCEx_PeriphCLKConfig) for HAL_RCCEx_PeriphCLKConfig
    main.o(i.main) refers to stm32f1xx_hal.o(i.HAL_Init) for HAL_Init
    main.o(i.main) refers to main.o(i.SystemClock_Config) for SystemClock_Config
    main.o(i.main) refers to gpio.o(i.MX_GPIO_Init) for MX_GPIO_Init
    main.o(i.main) refers to dma.o(i.MX_DMA_Init) for MX_DMA_Init
    main.o(i.main) refers to adc.o(i.MX_ADC1_Init) for MX_ADC1_Init
    main.o(i.main) refers to tim.o(i.MX_TIM3_Init) for MX_TIM3_Init
    main.o(i.main) refers to usart.o(i.MX_USART1_UART_Init) for MX_USART1_UART_Init
    main.o(i.main) refers to tim.o(i.MX_TIM1_Init) for MX_TIM1_Init
    main.o(i.main) refers to tim.o(i.MX_TIM4_Init) for MX_TIM4_Init
    main.o(i.main) refers to i2c.o(i.MX_I2C2_Init) for MX_I2C2_Init
    main.o(i.main) refers to take.o(i.loop_init) for loop_init
    main.o(i.main) refers to take.o(i.loop) for loop
    main.o(i.main) refers to stm32f1xx_hal.o(i.HAL_Delay) for HAL_Delay
    gpio.o(i.MX_GPIO_Init) refers to stm32f1xx_hal_gpio.o(i.HAL_GPIO_WritePin) for HAL_GPIO_WritePin
    gpio.o(i.MX_GPIO_Init) refers to stm32f1xx_hal_gpio.o(i.HAL_GPIO_Init) for HAL_GPIO_Init
    adc.o(i.HAL_ADC_MspDeInit) refers to stm32f1xx_hal_gpio.o(i.HAL_GPIO_DeInit) for HAL_GPIO_DeInit
    adc.o(i.HAL_ADC_MspInit) refers to stm32f1xx_hal_gpio.o(i.HAL_GPIO_Init) for HAL_GPIO_Init
    adc.o(i.MX_ADC1_Init) refers to stm32f1xx_hal_adc.o(i.HAL_ADC_Init) for HAL_ADC_Init
    adc.o(i.MX_ADC1_Init) refers to main.o(i.Error_Handler) for Error_Handler
    adc.o(i.MX_ADC1_Init) refers to stm32f1xx_hal_adc.o(i.HAL_ADC_ConfigChannel) for HAL_ADC_ConfigChannel
    adc.o(i.MX_ADC1_Init) refers to adc.o(.bss) for hadc1
    dma.o(i.MX_DMA_Init) refers to stm32f1xx_hal_cortex.o(i.HAL_NVIC_SetPriority) for HAL_NVIC_SetPriority
    dma.o(i.MX_DMA_Init) refers to stm32f1xx_hal_cortex.o(i.HAL_NVIC_EnableIRQ) for HAL_NVIC_EnableIRQ
    i2c.o(i.HAL_I2C_MspDeInit) refers to stm32f1xx_hal_gpio.o(i.HAL_GPIO_DeInit) for HAL_GPIO_DeInit
[...]
    i.HAL_UART_RxCpltCallback                0x0800348c   Section        0  usart_sensor.o(i.HAL_UART_RxCpltCallback)
    i.HAL_UART_RxHalfCpltCallback            0x0800348e   Section        0  usart_sensor.o(i.HAL_UART_RxHalfCpltCallback)
    i.HardFault_Handler                      0x08003490   Section        0  stm32f1xx_it.o(i.HardFault_Handler)
    i.I2C2_ER_IRQHandler                     0x08003494   Section        0  stm32f1xx_it.o(i.I2C2_ER_IRQHandler)
    i.I2C2_EV_IRQHandler                     0x080034a4   Section        0  stm32f1xx_it.o(i.I2C2_EV_IRQHandler)
    i.I2C_ConvertOtherXferOptions            0x080034b4   Section        0  stm32f1xx_hal_i2c.o(i.I2C_ConvertOtherXferOptions)
    I2C_ConvertOtherXferOptions              0x080034b5   Thumb Code    28  stm32f1xx_hal_i2c.o(i.I2C_ConvertOtherXferOptions)
    i.I2C_DMAAbort                           0x080034d0   Section        0  stm32f1xx_hal_i2c.o(i.I2C_DMAAbort)
    I2C_DMAAbort                             0x080034d1   Thumb Code   242  stm32f1xx_hal_i2c.o(i.I2C_DMAAbort)
    i.I2C_DMAError                           0x080035c8   Section        0  stm32f1xx_hal_i2c.o(i.I2C_DMAError)
    I2C_DMAError                             0x080035c9   Thumb Code    70  stm32f1xx_hal_i2c.o(i.I2C_DMAError)
    i.I2C_DMAXferCplt                        0x0800360e   Section        0  stm32f1xx_hal_i2c.o(i.I2C_DMAXferCplt)
    I2C_DMAXferCplt                          0x0800360f   Thumb Code   318  stm32f1xx_hal_i2c.o(i.I2C_DMAXferCplt)
    i.I2C_Flush_DR                           0x0800374c   Section        0  stm32f1xx_hal_i2c.o(i.I2C_Flush_DR)
    I2C_Flush_DR                             0x0800374d   Thumb Code    18  stm32f1xx_hal_i2c.o(i.I2C_Flush_DR)
    i.I2C_ITError                            0x08003760   Section        0  stm32f1xx_hal_i2c.o(i.I2C_ITError)
    I2C_ITError                              0x08003761   Thumb Code   420  stm32f1xx_hal_i2c.o(i.I2C_ITError)
    i.I2C_IsAcknowledgeFailed                0x0800390c   Section        0  stm32f1xx_hal_i2c.o(i.I2C_IsAcknowledgeFailed)
    I2C_IsAcknowledgeFailed                  0x0800390d   Thumb Code    62  stm32f1xx_hal_i2c.o(i.I2C_IsAcknowledgeFailed)
    i.I2C_MasterReceive_BTF                  0x0800394a   Section        0  stm32f1xx_hal_i2c.o(i.I2C_MasterReceive_BTF)
    I2C_MasterReceive_BTF                    0x0800394b   Thumb Code   304  stm32f1xx_hal_i2c.o(i.I2C_MasterReceive_BTF)
    i.I2C_MasterReceive_RXNE                 0x08003a7a   Section        0  stm32f1xx_hal_i2c.o(i.I2C_MasterReceive_RXNE)
    I2C_MasterReceive_RXNE                   0x08003a7b   Thumb Code   260  stm32f1xx_hal_i2c.o(i.I2C_MasterReceive_RXNE)
    i.I2C_MasterTransmit_BTF                 0x08003b7e   Section        0  stm32f1xx_hal_i2c.o(i.I2C_MasterTransmit_BTF)
    I2C_MasterTransmit_BTF                   0x08003b7f   Thumb Code   160  stm32f1xx_hal_i2c.o(i.I2C_MasterTransmit_BTF)
    i.I2C_MasterTransmit_TXE                 0x08003c1e   Section        0  stm32f1xx_hal_i2c.o(i.I2C_MasterTransmit_TXE)
    I2C_MasterTransmit_TXE                   0x08003c1f   Thumb Code   216  stm32f1xx_hal_i2c.o(i.I2C_MasterTransmit_TXE)
    i.I2C_Master_ADD10                       0x08003cf6   Section        0  stm32f1xx_hal_i2c.o(i.I2C_Master_ADD10)
    I2C_Master_ADD10                         0x08003cf7   Thumb Code    42  stm32f1xx_hal_i2c.o(i.I2C_Master_ADD10)
    i.I2C_Master_ADDR                        0x08003d20   Section        0  stm32f1xx_hal_i2c.o(i.I2C_Master_ADDR)
    I2C_Master_ADDR                          0x08003d21   Thumb Code   640  stm32f1xx_hal_i2c.o(i.I2C_Master_ADDR)
    i.I2C_Master_SB                          0x08003fa0   Section        0  stm32f1xx_hal_i2c.o(i.I2C_Master_SB)
    I2C_Master_SB                            0x08003fa1   Thumb Code   158  stm32f1xx_hal_i2c.o(i.I2C_Master_SB)
    i.I2C_MemoryTransmit_TXE_BTF             0x0800403e   Section        0  stm32f1xx_hal_i2c.o(i.I2C_MemoryTransmit_TXE_BTF)
    I2C_MemoryTransmit_TXE_BTF               0x0800403f   Thumb Code   198  stm32f1xx_hal_i2c.o(i.I2C_MemoryTransmit_TXE_BTF)
    i.I2C_RequestMemoryWrite                 0x08004104   Section        0  stm32f1xx_hal_i2c.o(i.I2C_RequestMemoryWrite)
    I2C_RequestMemoryWrite                   0x08004105   Thumb Code   220  stm32f1xx_hal_i2c.o(i.I2C_RequestMemoryWrite)
    i.I2C_SlaveReceive_BTF                   0x080041e4   Section        0  stm32f1xx_hal_i2c.o(i.I2C_SlaveReceive_BTF)
    I2C_SlaveReceive_BTF                     0x080041e5   Thumb Code    26  stm32f1xx_hal_i2c.o(i.I2C_SlaveReceive_BTF)
    i.I2C_SlaveReceive_RXNE                  0x080041fe   Section        0  stm32f1xx_hal_i2c.o(i.I2C_SlaveReceive_RXNE)
    I2C_SlaveReceive_RXNE                    0x080041ff   Thumb Code    70  stm32f1xx_hal_i2c.o(i.I2C_SlaveReceive_RXNE)
    i.I2C_SlaveTransmit_BTF                  0x08004244   Section        0  stm32f1xx_hal_i2c.o(i.I2C_SlaveTransmit_BTF)
    I2C_SlaveTransmit_BTF                    0x08004245   Thumb Code    26  stm32f1xx_hal_i2c.o(i.I2C_SlaveTransmit_BTF)
    i.I2C_SlaveTransmit_TXE                  0x0800425e   Section        0  stm32f1xx_hal_i2c.o(i.I2C_SlaveTransmit_TXE)
    I2C_SlaveTransmit_TXE                    0x0800425f   Thumb Code    70  stm32f1xx_hal_i2c.o(i.I2C_SlaveTransmit_TXE)
    i.I2C_Slave_ADDR                         0x080042a4   Section        0  stm32f1xx_hal_i2c.o(i.I2C_Slave_ADDR)
    I2C_Slave_ADDR                           0x080042a5   Thumb Code   112  stm32f1xx_hal_i2c.o(i.I2C_Slave_ADDR)
    i.I2C_Slave_AF                           0x08004314   Section        0  stm32f1xx_hal_i2c.o(i.I2C_Slave_AF)
    I2C_Slave_AF                             0x08004315   Thumb Code   162  stm32f1xx_hal_i2c.o(i.I2C_Slave_AF)
    i.I2C_Slave_STOPF                        0x080043bc   Section        0  stm32f1xx_hal_i2c.o(i.I2C_Slave_STOPF)
    I2C_Slave_STOPF                          0x080043bd   Thumb Code   386  stm32f1xx_hal_i2c.o(i.I2C_Slave_STOPF)
    i.I2C_WaitOnFlagUntilTimeout             0x08004548   Section        0  stm32f1xx_hal_i2c.o(i.I2C_WaitOnFlagUntilTimeout)
    I2C_WaitOnFlagUntilTimeout               0x08004549   Thumb Code   190  stm32f1xx_hal_i2c.o(i.I2C_WaitOnFlagUntilTimeout)
    i.I2C_WaitOnMasterAddressFlagUntilTimeout 0x08004606   Section        0  stm32f1xx_hal_i2c.o(i.I2C_WaitOnMasterAddressFlagUntilTimeout)
    I2C_WaitOnMasterAddressFlagUntilTimeout  0x08004607   Thumb Code   250  stm32f1xx_hal_i2c.o(i.I2C_WaitOnMasterAddressFlagUntilTimeout)
    i.I2C_WaitOnSTOPRequestThroughIT         0x08004700   Section        0  stm32f1xx_hal_i2c.o(i.I2C_WaitOnSTOPRequestThroughIT)
    I2C_WaitOnSTOPRequestThroughIT           0x08004701   Thumb Code    74  stm32f1xx_hal_i2c.o(i.I2C_WaitOnSTOPRequestThroughIT)
    i.I2C_WaitOnTXEFlagUntilTimeout          0x08004750   Section        0  stm32f1xx_hal_i2c.o(i.I2C_WaitOnTXEFlagUntilTimeout)
    I2C_WaitOnTXEFlagUntilTimeout            0x08004751   Thumb Code   102  stm32f1xx_hal_i2c.o(i.I2C_WaitOnTXEFlagUntilTimeout)
    i.KEY_Scan                               0x080047b8   Section        0  key.o(i.KEY_Scan)
    i.MX_ADC1_Init                           0x0800480c   Section        0  adc.o(i.MX_ADC1_Init)
    i.MX_DMA_Init                            0x08004864   Section        0  dma.o(i.MX_DMA_Init)
    i.MX_GPIO_Init                           0x080048a8   Section        0  gpio.o(i.MX_GPIO_Init)
    i.MX_I2C2_Init                           0x080049dc   Section        0  i2c.o(i.MX_I2C2_Init)
    i.MX_TIM1_Init                           0x08004a18   Section        0  tim.o(i.MX_TIM1_Init)
    i.MX_TIM3_Init                           0x08004a88   Section        0  tim.o(i.MX_TIM3_Init)
    i.MX_TIM4_Init                           0x08004b2c   Section        0  tim.o(i.MX_TIM4_Init)
    i.MX_USART1_UART_Init                    0x08004bd0   Section        0  usart.o(i.MX_USART1_UART_Init)
    i.MemManage_Handler                      0x08004c08   Section        0  stm32f1xx_it.o(i.MemManage_Handler)
    i.NMI_Handler                            0x08004c0c   Section        0  stm32f1xx_it.o(i.NMI_Handler)
    i.OLED_draw_point                        0x08004c10   Section        0  oled.o(i.OLED_draw_point)
    i.OLED_init                              0x08004c9c   Section        0  oled.o(i.OLED_init)
    i.OLED_operate_gram                      0x08004cc4   Section        0  oled.o(i.OLED_operate_gram)
    i.OLED_refresh_gram                      0x08004cec   Section        0  oled.o(i.OLED_refresh_gram)
    i.OLED_set_pos                           0x08004d4c   Section        0  oled.o(i.OLED_set_pos)
    i.OLED_show_char                         0x08004d78   Section        0  oled.o(i.OLED_show_char)
    i.OLED_show_num                          0x08004ec0   Section        0  oled.o(i.OLED_show_num)
    i.OLED_show_string                       0x08004f48   Section        0  oled.o(i.OLED_show_string)
    i.PID_Calculate                          0x08004f80   Section        0  electrical_regulation.o(i.PID_Calculate)
    i.PID_Reset                              0x08005078   Section        0  electrical_regulation.o(i.PID_Reset)
    i.PWM_SetDuty_pitch                      0x08005088   Section        0  electrical_regulation.o(i.PWM_SetDuty_pitch)
    i.PWM_SetDuty_yaw                        0x080050ac   Section        0  electrical_regulation.o(i.PWM_SetDuty_yaw)
    i.PWM_SetFreq_pitch                      0x080050d0   Section        0  electrical_regulation.o(i.PWM_SetFreq_pitch)
    i.PWM_SetFreq_yaw                        0x0800511c   Section        0  electrical_regulation.o(i.PWM_SetFreq_yaw)
    i.Parse_Vision_Frame                     0x08005168   Section        0  usart_sensor.o(i.Parse_Vision_Frame)
    Parse_Vision_Frame                       0x08005169   Thumb Code   216  usart_sensor.o(i.Parse_Vision_Frame)
    i.PendSV_Handler                         0x0800528c   Section        0  stm32f1xx_it.o(i.PendSV_Handler)
    i.RCC_Delay                              0x08005290   Section        0  stm32f1xx_hal_rcc.o(i.RCC_Delay)
    RCC_Delay                                0x08005291   Thumb Code    36  stm32f1xx_hal_rcc.o(i.RCC_Delay)
    i.SVC_Handler                            0x080052b8   Section        0  stm32f1xx_it.o(i.SVC_Handler)
    i.SysTick_Handler                        0x080052ba   Section        0  stm32f1xx_it.o(i.SysTick_Handler)
    i.SystemClock_Config                     0x080052c2   Section        0  main.o(i.SystemClock_Config)
    i.SystemInit                             0x08005346   Section        0  system_stm32f1xx.o(i.SystemInit)
    i.TIM3_IRQHandler                        0x08005348   Section        0  stm32f1xx_it.o(i.TIM3_IRQHandler)
    i.TIM_Base_SetConfig                     0x08005358   Section        0  stm32f1xx_hal_tim.o(i.TIM_Base_SetConfig)
    i.TIM_CCxChannelCmd                      0x080053dc   Section        0  stm32f1xx_hal_tim.o(i.TIM_CCxChannelCmd)
    i.TIM_ETR_SetConfig                      0x080053fe   Section        0  stm32f1xx_hal_tim.o(i.TIM_ETR_SetConfig)
    i.TIM_ITRx_SetConfig                     0x08005414   Section        0  stm32f1xx_hal_tim.o(i.TIM_ITRx_SetConfig)
    TIM_ITRx_SetConfig                       0x08005415   Thumb Code    18  stm32f1xx_hal_tim.o(i.TIM_ITRx_SetConfig)
    i.TIM_OC1_SetConfig                      0x08005428   Section        0  stm32f1xx_hal_tim.o(i.TIM_OC1_SetConfig)
    TIM_OC1_SetConfig                        0x08005429   Thumb Code    90  stm32f1xx_hal_tim.o(i.TIM_OC1_SetConfig)
    i.TIM_OC2_SetConfig                      0x08005488   Section        0  stm32f1xx_hal_tim.o(i.TIM_OC2_SetConfig)
    i.TIM_OC3_SetConfig                      0x080054f0   Section        0  stm32f1xx_hal_tim.o(i.TIM_OC3_SetConfig)
    TIM_OC3_SetConfig                        0x080054f1   Thumb Code    98  stm32f1xx_hal_tim.o(i.TIM_OC3_SetConfig)
    i.TIM_OC4_SetConfig                      0x08005558   Section        0  stm32f1xx_hal_tim.o(i.TIM_OC4_SetConfig)
    TIM_OC4_SetConfig                        0x08005559   Thumb Code    68  stm32f1xx_hal_tim.o(i.TIM_OC4_SetConfig)
    i.TIM_TI1_ConfigInputStage               0x080055a0   Section        0  stm32f1xx_hal_tim.o(i.TIM_TI1_ConfigInputStage)
    TIM_TI1_ConfigInputStage                 0x080055a1   Thumb Code    38  stm32f1xx_hal_tim.o(i.TIM_TI1_ConfigInputStage)
    i.TIM_TI2_ConfigInputStage               0x080055c6   Section        0  stm32f1xx_hal_tim.o(i.TIM_TI2_ConfigInputStage)
    TIM_TI2_ConfigInputStage                 0x080055c7   Thumb Code    40  stm32f1xx_hal_tim.o(i.TIM_TI2_ConfigInputStage)
    i.UART_DMAError                          0x080055ee   Section        0  stm32f1xx_hal_uart.o(i.UART_DMAError)
    UART_DMAError                            0x080055ef   Thumb Code    80  stm32f1xx_hal_uart.o(i.UART_DMAError)
    i.UART_DMAReceiveCplt                    0x0800563e   Section        0  stm32f1xx_hal_uart.o(i.UART_DMAReceiveCplt)
    UART_DMAReceiveCplt                      0x0800563f   Thumb Code   180  stm32f1xx_hal_uart.o(i.UART_DMAReceiveCplt)
    i.UART_DMARxHalfCplt                     0x080056f2   Section        0  stm32f1xx_hal_uart.o(i.UART_DMARxHalfCplt)
    UART_DMARxHalfCplt                       0x080056f3   Thumb Code    36  stm32f1xx_hal_uart.o(i.UART_DMARxHalfCplt)
    i.UART_EndRxTransfer                     0x08005716   Section        0  stm32f1xx_hal_uart.o(i.UART_EndRxTransfer)
    UART_EndRxTransfer                       0x08005717   Thumb Code   108  stm32f1xx_hal_uart.o(i.UART_EndRxTransfer)
    i.UART_EndTxTransfer                     0x08005782   Section        0  stm32f1xx_hal_uart.o(i.UART_EndTxTransfer)
    UART_EndTxTransfer                       0x08005783   Thumb Code    38  stm32f1xx_hal_uart.o(i.UART_EndTxTransfer)
    i.UART_SetConfig                         0x080057a8   Section        0  stm32f1xx_hal_uart.o(i.UART_SetConfig)
    UART_SetConfig                           0x080057a9   Thumb Code   248  stm32f1xx_hal_uart.o(i.UART_SetConfig)
    i.UART_Start_Receive_DMA                 0x080058a4   Section        0  stm32f1xx_hal_uart.o(i.UART_Start_Receive_DMA)
    i.USART_Sensor_Init                      0x0800596c   Section        0  usart_sensor.o(i.USART_Sensor_Init)
    i.USART_Sensor_Poll                      0x080059a4   Section        0  usart_sensor.o(i.USART_Sensor_Poll)
    i.UsageFault_Handler                     0x08005a50   Section        0  stm32f1xx_it.o(i.UsageFault_Handler)
    i.__NVIC_GetPriorityGrouping             0x08005a54   Section        0  stm32f1xx_hal_cortex.o(i.__NVIC_GetPriorityGrouping)
    __NVIC_GetPriorityGrouping               0x08005a55   Thumb Code    10  stm32f1xx_hal_cortex.o(i.__NVIC_GetPriorityGrouping)
    i.__NVIC_SetPriority                     0x08005a64   Section        0  stm32f1xx_hal_cortex.o(i.__NVIC_SetPriority)
    __NVIC_SetPriority                       0x08005a65   Thumb Code    32  stm32f1xx_hal_cortex.o(i.__NVIC_SetPriority)
    i.close_pitch                            0x08005a8c   Section        0  electrical_regulation.o(i.close_pitch)
    i.close_yaw                              0x08005ab4   Section        0  electrical_regulation.o(i.close_yaw)
    i.loop                                   0x08005ad8   Section        0  take.o(i.loop)
    i.loop_init                              0x08005bb0   Section        0  take.o(i.loop_init)
    i.main                                   0x08005bf8   Section        0  main.o(i.main)
    i.oled_pow                               0x08005c32   Section        0  oled.o(i.oled_pow)
    i.pitch_drive                            0x08005c48   Section        0  electrical_regulation.o(i.pitch_drive)
    i.yaw_drive                              0x08005d00   Section        0  electrical_regulation.o(i.yaw_drive)
    locale$$code                             0x08005db0   Section       44  lc_ctype_c.o(locale$$code)
    x$fpl$fadd                               0x08005ddc   Section      196  faddsub_clz.o(x$fpl$fadd)
    _fadd1                                   0x08005deb   Thumb Code     0  faddsub_clz.o(x$fpl$fadd)
    x$fpl$fcmpinf                            0x08005ea0   Section       24  fcmpi.o(x$fpl$fcmpinf)
    x$fpl$fdiv                               0x08005eb8   Section      388  fdiv.o(x$fpl$fdiv)
    _fdiv1                                   0x08005eb9   Thumb Code     0  fdiv.o(x$fpl$fdiv)
    x$fpl$ffixu                              0x0800603c   Section       62  ffixu.o(x$fpl$ffixu)
    x$fpl$fflt                               0x0800607c   Section       48  fflt_clz.o(x$fpl$fflt)
    x$fpl$fleqf                              0x080060ac   Section      104  fleqf.o(x$fpl$fleqf)
    x$fpl$fmul                               0x08006114   Section      258  fmul.o(x$fpl$fmul)
    x$fpl$fnaninf                            0x08006216   Section      140  fnaninf.o(x$fpl$fnaninf)
    x$fpl$fretinf                            0x080062a2   Section       10  fretinf.o(x$fpl$fretinf)
    x$fpl$frleqf                             0x080062ac   Section       98  frleqf.o(x$fpl$frleqf)
    x$fpl$fsub                               0x08006310   Section      234  faddsub_clz.o(x$fpl$fsub)
    _fsub1                                   0x0800631f   Thumb Code     0  faddsub_clz.o(x$fpl$fsub)
    .constdata                               0x080063fa   Section       18  stm32f1xx_hal_rcc.o(.constdata)
    x$fpl$usenofp                            0x080063fa   Section        0  usenofp.o(x$fpl$usenofp)
    aPLLMULFactorTable                       0x080063fa   Data          16  stm32f1xx_hal_rcc.o(.constdata)
    aPredivFactorTable                       0x0800640a   Data           2  stm32f1xx_hal_rcc.o(.constdata)
    .constdata                               0x0800640c   Section       24  system_stm32f1xx.o(.constdata)
    .constdata                               0x08006424   Section     2740  oled.o(.constdata)
    locale$$data                             0x08006ef8   Section      272  lc_ctype_c.o(locale$$data)
    __lcctype_c_name                         0x08006efc   Data           2  lc_ctype_c.o(locale$$data)
    __lcctype_c_start                        0x08006f04   Data           0  lc_ctype_c.o(locale$$data)
    __lcctype_c_end                          0x08007008   Data           0  lc_ctype_c.o(locale$$data)
    .data                                    0x20000000   Section        9  stm32f1xx_hal.o(.data)
    .data                                    0x2000000c   Section        4  system_stm32f1xx.o(.data)
    .data                                    0x20000010   Section       88  electrical_regulation.o(.data)
    .data                                    0x20000068   Section       36  oled.o(.data)
    ap                                       0x20000088   Data           4  oled.o(.data)
    .data                                    0x2000008c   Section       30  usart_sensor.o(.data)
    dma_old_pos                              0x2000008c   Data           2  usart_sensor.o(.data)
    frame_idx                                0x2000008e   Data           2  usart_sensor.o(.data)
    frame_started                            0x20000090   Data           1  usart_sensor.o(.data)
    check_sum_recv                           0x20000091   Data           1  usart_sensor.o(.data)
    check_sum_calc                           0x20000092   Data           1  usart_sensor.o(.data)
    .data                                    0x200000aa   Section        2  key.o(.data)
    key_flag                                 0x200000ab   Data           1  key.o(.data)
    .bss                                     0x200000ac   Section       48  adc.o(.bss)
    .bss                                     0x200000dc   Section      152  i2c.o(.bss)
    .bss                                     0x20000174   Section      216  tim.o(.bss)
    .bss                                     0x2000024c   Section      140  usart.o(.bss)
    .bss                                     0x200002d8   Section     2208  oled.o(.bss)
    LCD_BUF                                  0x20000af8   Data         128  oled.o(.bss)
    .bss                                     0x20000b78   Section      192  usart_sensor.o(.bss)
    frame_buf                                0x20000bf8   Data          64  usart_sensor.o(.bss)
    .bss                                     0x20000c38   Section       96  libspace.o(.bss)
    HEAP                                     0x20000c98   Section      512  startup_stm32f103xb.o(HEAP)
    Heap_Mem                                 0x20000c98   Data         512  startup_stm32f103xb.o(HEAP)
    STACK                                    0x20000e98   Section     1024  startup_stm32f103xb.o(STACK)
    Stack_Mem                                0x20000e98   Data        1024  startup_stm32f103xb.o(STACK)
    __initial_sp                             0x20001298   Data           0  startup_stm32f103xb.o(STACK)

    Global Symbols

    Symbol Name                              Value     Ov Type        Size  Object(Section)

    BuildAttributes$$THM_ISAv4$P$D$K$B$S$PE$A:L22UL41UL21$X:L11$S22US41US21$IEEE1$IW$USESV6$~STKCKD$USESV7$~SHL$OTIME$ROPI$IEEEJ$EBA8$UX$STANDARDLIB$REQ8$PRES8$EABIv2 0x00000000   Number         0  anon$$obj.o ABSOLUTE
    __ARM_use_no_argv                        0x00000000   Number         0  main.o ABSOLUTE
    _printf_flags                            0x00000000   Number         0  printf_stubs.o ABSOLUTE
    _printf_return_value                     0x00000000   Number         0  printf_stubs.o ABSOLUTE
    _printf_sizespec                         0x00000000   Number         0  printf_stubs.o ABSOLUTE
    _printf_widthprec                        0x00000000   Number         0  printf_stubs.o ABSOLUTE
    __ARM_exceptions_init                     - Undefined Weak Reference
    __alloca_initialize                       - Undefined Weak Reference
    __arm_preinit_                            - Undefined Weak Reference
    __cpp_initialize__aeabi_                  - Undefined Weak Reference
    __cxa_finalize                            - Undefined Weak Reference
    __sigvec_lookup                           - Undefined Weak Reference
    _atexit_init                              - Undefined Weak Reference
    _call_atexit_fns                          - Undefined Weak Reference
    _clock_init                               - Undefined Weak Reference
    _fp_trap_init                             - Undefined Weak Reference
    _fp_trap_shutdown                         - Undefined Weak Reference
    _get_lc_collate                           - Undefined Weak Reference
    _get_lc_monetary                          - Undefined Weak Reference
    _get_lc_time                              - Undefined Weak Reference
    _getenv_init                              - Undefined Weak Reference
    _handle_redirection                       - Undefined Weak Reference
    _init_alloc                               - Undefined Weak Reference
    _init_user_alloc                          - Undefined Weak Reference
    _initio                                   - Undefined Weak Reference
    _printf_mbtowc                            - Undefined Weak Reference
    _printf_wc                                - Undefined Weak Reference
    _rand_init                                - Undefined Weak Reference
    _scanf_longlong                           - Undefined Weak Reference
    _scanf_mbtowc                             - Undefined Weak Reference
    _scanf_real                               - Undefined Weak Reference
    _scanf_string                             - Undefined Weak Reference
    _scanf_wctomb                             - Undefined Weak Reference
    _scanf_wstring                            - Undefined Weak Reference
    _signal_finish                            - Undefined Weak Reference
    _signal_init                              - Undefined Weak Reference
    _terminate_alloc                          - Undefined Weak Reference
    _terminate_user_alloc                     - Undefined Weak Reference
    _terminateio                              - Undefined Weak Reference
    __Vectors_Size                           0x000000ec   Number         0  startup_stm32f103xb.o ABSOLUTE
    __Vectors                                0x08000000   Data           4  startup_stm32f103xb.o(RESET)
    __Vectors_End                            0x080000ec   Data           0  startup_stm32f103xb.o(RESET)
    __main                                   0x080000ed   Thumb Code     8  __main.o(!!!main)
    __scatterload                            0x080000f5   Thumb Code     0  __scatter.o(!!!scatter)
    __scatterload_rt2                        0x080000f5   Thumb Code    44  __scatter.o(!!!scatter)
    __scatterload_rt2_thumb_only             0x080000f5   Thumb Code     0  __scatter.o(!!!scatter)
    __scatterload_null                       0x08000103   Thumb Code     0  __scatter.o(!!!scatter)
    __scatterload_copy                       0x08000129   Thumb Code    26  __scatter_copy.o(!!handler_copy)
    __scatterload_zeroinit                   0x08000145   Thumb Code    28  __scatter_zi.o(!!handler_zi)
    __rt_lib_init                            0x08000161   Thumb Code     0  libinit.o(.ARM.Collect$$libinit$$00000000)
    __rt_lib_init_fp_1                       0x08000163   Thumb Code     0  libinit2.o(.ARM.Collect$$libinit$$00000002)
    __rt_lib_init_heap_1                     0x08000163   Thumb Code     0  libinit2.o(.ARM.Collect$$libinit$$0000000A)
    __rt_lib_init_lc_common                  0x08000163   Thumb Code     0  libinit2.o(.ARM.Collect$$libinit$$0000000F)
    __rt_lib_init_preinit_1                  0x08000163   Thumb Code     0  libinit2.o(.ARM.Collect$$libinit$$00000004)
    __rt_lib_init_rand_1                     0x08000163   Thumb Code     0  libinit2.o(.ARM.Collect$$libinit$$0000000E)
    __rt_lib_init_user_alloc_1               0x08000163   Thumb Code     0  libinit2.o(.ARM.Collect$$libinit$$0000000C)
    __rt_lib_init_lc_collate_1               0x08000169   Thumb Code     0  libinit2.o(.ARM.Collect$$libinit$$00000011)
    __rt_lib_init_lc_ctype_2                 0x08000169   Thumb Code     0  libinit2.o(.ARM.Collect$$libinit$$00000012)
    __rt_lib_init_alloca_1                   0x08000175   Thumb Code     0  libinit2.o(.ARM.Collect$$libinit$$0000002E)
    __rt_lib_init_argv_1                     0x08000175   Thumb Code     0  libinit2.o(.ARM.Collect$$libinit$$0000002C)
    __rt_lib_init_atexit_1                   0x08000175   Thumb Code     0  libinit2.o(.ARM.Collect$$libinit$$0000001B)
    __rt_lib_init_clock_1                    0x08000175   Thumb Code     0  libinit2.o(.ARM.Collect$$libinit$$00000021)
    __rt_lib_init_cpp_1                      0x08000175   Thumb Code     0  libinit2.o(.ARM.Collect$$libinit$$00000032)
    __rt_lib_init_exceptions_1               0x08000175   Thumb Code     0  libinit2.o(.ARM.Collect$$libinit$$00000030)
    __rt_lib_init_fp_trap_1                  0x08000175   Thumb Code     0  libinit2.o(.ARM.Collect$$libinit$$0000001F)
    __rt_lib_init_getenv_1                   0x08000175   Thumb Code     0  libinit2.o(.ARM.Collect$$libinit$$00000023)
    __rt_lib_init_lc_ctype_1                 0x08000175   Thumb Code     0  libinit2.o(.ARM.Collect$$libinit$$00000013)
    __rt_lib_init_lc_monetary_1              0x08000175   Thumb Code     0  libinit2.o(.ARM.Collect$$libinit$$00000015)
    __rt_lib_init_lc_numeric_1               0x08000175   Thumb Code     0  libinit2.o(.ARM.Collect$$libinit$$00000017)
    __rt_lib_init_lc_time_1                  0x08000175   Thumb Code     0  libinit2.o(.ARM.Collect$$libinit$$00000019)
    __rt_lib_init_return                     0x08000175   Thumb Code     0  libinit2.o(.ARM.Collect$$libinit$$00000033)
    __rt_lib_init_signal_1                   0x08000175   Thumb Code     0  libinit2.o(.ARM.Collect$$libinit$$0000001D)
    __rt_lib_init_stdio_1                    0x08000175   Thumb Code     0  libinit2.o(.ARM.Collect$$libinit$$00000025)
    __rt_lib_shutdown                        0x08000177   Thumb Code     0  libshutdown.o(.ARM.Collect$$libshutdown$$00000000)
    __rt_lib_shutdown_fp_trap_1              0x08000179   Thumb Code     0  libshutdown2.o(.ARM.Collect$$libshutdown$$00000006)
    __rt_lib_shutdown_heap_1                 0x08000179   Thumb Code     0  libshutdown2.o(.ARM.Collect$$libshutdown$$0000000E)
    __rt_lib_shutdown_return                 0x08000179   Thumb Code     0  libshutdown2.o(.ARM.Collect$$libshutdown$$0000000F)
    __rt_lib_shutdown_signal_1               0x08000179   Thumb Code     0  libshutdown2.o(.ARM.Collect$$libshutdown$$00000009)
    __rt_lib_shutdown_stdio_1                0x08000179   Thumb Code     0  libshutdown2.o(.ARM.Collect$$libshutdown$$00000003)
    __rt_lib_shutdown_user_alloc_1           0x08000179   Thumb Code     0  libshutdown2.o(.ARM.Collect$$libshutdown$$0000000B)
    __rt_entry                               0x0800017b   Thumb Code     0  __rtentry.o(.ARM.Collect$$rtentry$$00000000)
    __rt_entry_presh_1                       0x0800017b   Thumb Code     0  __rtentry2.o(.ARM.Collect$$rtentry$$00000002)
    __rt_entry_sh                            0x0800017b   Thumb Code     0  __rtentry4.o(.ARM.Collect$$rtentry$$00000004)
    __rt_entry_li                            0x08000181   Thumb Code     0  __rtentry2.o(.ARM.Collect$$rtentry$$0000000A)
    __rt_entry_postsh_1                      0x08000181   Thumb Code     0  __rtentry2.o(.ARM.Collect$$rtentry$$00000009)
    __rt_entry_main                          0x08000185   Thumb Code     0  __rtentry2.o(.ARM.Collect$$rtentry$$0000000D)
    __rt_entry_postli_1                      0x08000185   Thumb Code     0  __rtentry2.o(.ARM.Collect$$rtentry$$0000000C)
    __rt_exit                                0x0800018d   Thumb Code     0  rtexit.o(.ARM.Collect$$rtexit$$00000000)
    __rt_exit_ls                             0x0800018f   Thumb Code     0  rtexit2.o(.ARM.Collect$$rtexit$$00000003)
    __rt_exit_prels_1                        0x0800018f   Thumb Code     0  rtexit2.o(.ARM.Collect$$rtexit$$00000002)
    __rt_exit_exit                           0x08000193   Thumb Code     0  rtexit2.o(.ARM.Collect$$rtexit$$00000004)
    Reset_Handler                            0x08000199   Thumb Code     8  startup_stm32f103xb.o(.text)
    ADC1_2_IRQHandler                        0x080001b3   Thumb Code     0  startup_stm32f103xb.o(.text)
    CAN1_RX1_IRQHandler                      0x080001b3   Thumb Code     0  startup_stm32f103xb.o(.text)
    CAN1_SCE_IRQHandler                      0x080001b3   Thumb Code     0  startup_stm32f103xb.o(.text)
    DMA1_Channel1_IRQHandler                 0x080001b3   Thumb Code     0  startup_stm32f103xb.o(.text)
    DMA1_Channel2_IRQHandler                 0x080001b3   Thumb Code     0  startup_stm32f103xb.o(.text)
    DMA1_Channel3_IRQHandler                 0x080001b3   Thumb Code     0  startup_stm32f103xb.o(.text)
    DMA1_Channel6_IRQHandler                 0x080001b3   Thumb Code     0  startup_stm32f103xb.o(.text)
    DMA1_Channel7_IRQHandler                 0x080001b3   Thumb Code     0  startup_stm32f103xb.o(.text)
    EXTI0_IRQHandler                         0x080001b3   Thumb Code     0  startup_stm32f103xb.o(.text)
    EXTI15_10_IRQHandler                     0x080001b3   Thumb Code     0  startup_stm32f103xb.o(.text)
    EXTI1_IRQHandler                         0x080001b3   Thumb Code     0  startup_stm32f103xb.o(.text)
    EXTI2_IRQHandler                         0x080001b3   Thumb Code     0  startup_stm32f103xb.o(.text)
    EXTI3_IRQHandler                         0x080001b3   Thumb Code     0  startup_stm32f103xb.o(.text)
    EXTI4_IRQHandler                         0x080001b3   Thumb Code     0  startup_stm32f103xb.o(.text)
    EXTI9_5_IRQHandler                       0x080001b3   Thumb Code     0  startup_stm32f103xb.o(.text)
    FLASH_IRQHandler                         0x080001b3   Thumb Code     0  startup_stm32f103xb.o(.text)
    I2C1_ER_IRQHandler                       0x080001b3   Thumb Code     0  startup_stm32f103xb.o(.text)
    I2C1_EV_IRQHandler                       0x080001b3   Thumb Code     0  startup_stm32f103xb.o(.text)
    PVD_IRQHandler                           0x080001b3   Thumb Code     0  startup_stm32f103xb.o(.text)
    RCC_IRQHandler                           0x080001b3   Thumb Code     0  startup_stm32f103xb.o(.text)
    RTC_Alarm_IRQHandler                     0x080001b3   Thumb Code     0  startup_stm32f103xb.o(.text)
    RTC_IRQHandler                           0x080001b3   Thumb Code     0  startup_stm32f103xb.o(.text)
    SPI1_IRQHandler                          0x080001b3   Thumb Code     0  startup_stm32f103xb.o(.text)
    SPI2_IRQHandler                          0x080001b3   Thumb Code     0  startup_stm32f103xb.o(.text)
    TAMPER_IRQHandler                        0x080001b3   Thumb Code     0  startup_stm32f103xb.o(.text)
    TIM1_BRK_IRQHandler                      0x080001b3   Thumb Code     0  startup_stm32f103xb.o(.text)
    TIM1_CC_IRQHandler                       0x080001b3   Thumb Code     0  startup_stm32f103xb.o(.text)
    TIM1_TRG_COM_IRQHandler                  0x080001b3   Thumb Code     0  startup_stm32f103xb.o(.text)
    TIM1_UP_IRQHandler                       0x080001b3   Thumb Code     0  startup_stm32f103xb.o(.text)
    TIM2_IRQHandler                          0x080001b3   Thumb Code     0  startup_stm32f103xb.o(.text)
    TIM4_IRQHandler                          0x080001b3   Thumb Code     0  startup_stm32f103xb.o(.text)
    USART1_IRQHandler                        0x080001b3   Thumb Code     0  startup_stm32f103xb.o(.text)
    USART2_IRQHandler                        0x080001b3   Thumb Code     0  startup_stm32f103xb.o(.text)
    USART3_IRQHandler                        0x080001b3   Thumb Code     0  startup_stm32f103xb.o(.text)
    USBWakeUp_IRQHandler                     0x080001b3   Thumb Code     0  startup_stm32f103xb.o(.text)
    USB_HP_CAN1_TX_IRQHandler                0x080001b3   Thumb Code     0  startup_stm32f103xb.o(.text)
    USB_LP_CAN1_RX0_IRQHandler               0x080001b3   Thumb Code     0  startup_stm32f103xb.o(.text)
    WWDG_IRQHandler                          0x080001b3   Thumb Code     0  startup_stm32f103xb.o(.text)
    __user_initial_stackheap                 0x080001b5   Thumb Code     0  startup_stm32f103xb.o(.text)
    __0sscanf                                0x080001d9   Thumb Code    52  __0sscanf.o(.text)
    _scanf_int                               0x08000215   Thumb Code   332  _scanf_int.o(.text)
    __aeabi_memset                           0x08000361   Thumb Code    16  aeabi_memset.o(.text)
    __aeabi_memclr                           0x08000371   Thumb Code     0  rt_memclr.o(.text)
    __rt_memclr                              0x08000371   Thumb Code    68  rt_memclr.o(.text)
    _memset                                  0x08000375   Thumb Code     0  rt_memclr.o(.text)
    __aeabi_memclr4                          0x080003b5   Thumb Code     0  rt_memclr_w.o(.text)
    __aeabi_memclr8                          0x080003b5   Thumb Code     0  rt_memclr_w.o(.text)
    __rt_memclr_w                            0x080003b5   Thumb Code    78  rt_memclr_w.o(.text)
    _memset_w                                0x080003b9   Thumb Code     0  rt_memclr_w.o(.text)
    __use_two_region_memory                  0x08000403   Thumb Code     2  heapauxi.o(.text)
    __rt_heap_escrow$2region                 0x08000405   Thumb Code     2  heapauxi.o(.text)
    __rt_heap_expand$2region                 0x08000407   Thumb Code     2  heapauxi.o(.text)
    _chval                                   0x08000409   Thumb Code    28  _chval.o(.text)
    __vfscanf_char                           0x08000431   Thumb Code    24  scanf_char.o(.text)
    _sgetc                                   0x08000451   Thumb Code    30  _sgetc.o(.text)
    _sbackspace                              0x0800046f   Thumb Code    34  _sgetc.o(.text)
    isspace                                  0x08000491   Thumb Code    18  isspace.o(.text)
    __vfscanf                                0x080004a5   Thumb Code   878  _scanf.o(.text)
    __user_setup_stackheap                   0x08000819   Thumb Code    74  sys_stackheap_outer.o(.text)
    __rt_ctype_table                         0x08000865   Thumb Code    16  rt_ctype_table.o(.text)
    __rt_locale                              0x08000875   Thumb Code     8  rt_locale_intlibspace.o(.text)
    exit                                     0x0800087d   Thumb Code    12  exit.o(.text)
    __user_libspace                          0x08000889   Thumb Code     8  libspace.o(.text)
    __user_perproc_libspace                  0x08000889   Thumb Code     0  libspace.o(.text)
    __user_perthread_libspace                0x08000889   Thumb Code     0  libspace.o(.text)
    strcmp                                   0x08000891   Thumb Code   128  strcmpv7m.o(.text)
    _sys_exit                                0x08000911   Thumb Code     8  sys_exit.o(.text)
    __I$use$semihosting                      0x0800091d   Thumb Code     0  use_no_semi.o(.text)
    __use_no_semihosting_swi                 0x0800091d   Thumb Code     2  use_no_semi.o(.text)
    ADC_ConversionStop_Disable               0x0800091f   Thumb Code    92  stm32f1xx_hal_adc.o(i.ADC_ConversionStop_Disable)
    __semihosting_library_function           0x0800091f   Thumb Code     0  indicate_semi.o(.text)
    BusFault_Handler                         0x0800097b   Thumb Code     4  stm32f1xx_it.o(i.BusFault_Handler)
    DMA1_Channel4_IRQHandler                 0x08000981   Thumb Code    10  stm32f1xx_it.o(i.DMA1_Channel4_IRQHandler)
    DMA1_Channel5_IRQHandler                 0x08000991   Thumb Code    10  stm32f1xx_it.o(i.DMA1_Channel5_IRQHandler)
    DebugMon_Handler                         0x080009cd   Thumb Code     2  stm32f1xx_it.o(i.DebugMon_Handler)
    Error_Handler                            0x080009cf   Thumb Code     6  main.o(i.Error_Handler)
    Gimbal_Align_Target                      0x080009d5   Thumb Code   428  electrical_regulation.o(i.Gimbal_Align_Target)
    Gimbal_Return_To_Center                  0x08000bb1   Thumb Code   112  electrical_regulation.o(i.Gimbal_Return_To_Center)
    HAL_ADC_ConfigChannel                    0x08000c2d   Thumb Code   338  stm32f1xx_hal_adc.o(i.HAL_ADC_ConfigChannel)
    HAL_ADC_Init                             0x08000d8d   Thumb Code   314  stm32f1xx_hal_adc.o(i.HAL_ADC_Init)
    HAL_ADC_MspInit                          0x08000ed1   Thumb Code    98  adc.o(i.HAL_ADC_MspInit)
    HAL_DMA_Abort                            0x08000f41   Thumb Code    86  stm32f1xx_hal_dma.o(i.HAL_DMA_Abort)
    HAL_DMA_Abort_IT                         0x08000f99   Thumb Code   172  stm32f1xx_hal_dma.o(i.HAL_DMA_Abort_IT)
    HAL_DMA_GetState                         0x08001049   Thumb Code     8  stm32f1xx_hal_dma.o(i.HAL_DMA_GetState)
    HAL_DMA_IRQHandler                       0x08001051   Thumb Code   408  stm32f1xx_hal_dma.o(i.HAL_DMA_IRQHandler)
    HAL_DMA_Init                             0x080011ed   Thumb Code   100  stm32f1xx_hal_dma.o(i.HAL_DMA_Init)
    HAL_DMA_Start_IT                         0x08001255   Thumb Code   156  stm32f1xx_hal_dma.o(i.HAL_DMA_Start_IT)
    HAL_Delay                                0x080012f1   Thumb Code    36  stm32f1xx_hal.o(i.HAL_Delay)
    HAL_GPIO_Init                            0x08001319   Thumb Code   766  stm32f1xx_hal_gpio.o(i.HAL_GPIO_Init)
    HAL_GPIO_ReadPin                         0x08001639   Thumb Code    16  stm32f1xx_hal_gpio.o(i.HAL_GPIO_ReadPin)
    HAL_GPIO_WritePin                        0x08001649   Thumb Code    12  stm32f1xx_hal_gpio.o(i.HAL_GPIO_WritePin)
    HAL_GetTick                              0x08001655   Thumb Code     6  stm32f1xx_hal.o(i.HAL_GetTick)
    HAL_I2C_AbortCpltCallback                0x08001661   Thumb Code     2  stm32f1xx_hal_i2c.o(i.HAL_I2C_AbortCpltCallback)
    HAL_I2C_AddrCallback                     0x08001663   Thumb Code     2  stm32f1xx_hal_i2c.o(i.HAL_I2C_AddrCallback)
    HAL_I2C_ER_IRQHandler                    0x08001665   Thumb Code   224  stm32f1xx_hal_i2c.o(i.HAL_I2C_ER_IRQHandler)
    HAL_I2C_EV_IRQHandler                    0x08001745   Thumb Code   474  stm32f1xx_hal_i2c.o(i.HAL_I2C_EV_IRQHandler)
    HAL_I2C_ErrorCallback                    0x0800191f   Thumb Code     2  stm32f1xx_hal_i2c.o(i.HAL_I2C_ErrorCallback)
    HAL_I2C_Init                             0x08001921   Thumb Code   446  stm32f1xx_hal_i2c.o(i.HAL_I2C_Init)
    HAL_I2C_ListenCpltCallback               0x08001af1   Thumb Code     2  stm32f1xx_hal_i2c.o(i.HAL_I2C_ListenCpltCallback)
    HAL_I2C_MasterRxCpltCallback             0x08001af3   Thumb Code     2  stm32f1xx_hal_i2c.o(i.HAL_I2C_MasterRxCpltCallback)
    HAL_I2C_MasterTxCpltCallback             0x08001af5   Thumb Code    40  oled.o(i.HAL_I2C_MasterTxCpltCallback)
    HAL_I2C_Master_Transmit_DMA              0x08001b2d   Thumb Code   434  stm32f1xx_hal_i2c.o(i.HAL_I2C_Master_Transmit_DMA)
    HAL_I2C_MemRxCpltCallback                0x08001cf1   Thumb Code     2  stm32f1xx_hal_i2c.o(i.HAL_I2C_MemRxCpltCallback)
    HAL_I2C_MemTxCpltCallback                0x08001cf5   Thumb Code    58  oled.o(i.HAL_I2C_MemTxCpltCallback)
    HAL_I2C_Mem_Write_DMA                    0x08001d41   Thumb Code   514  stm32f1xx_hal_i2c.o(i.HAL_I2C_Mem_Write_DMA)
    HAL_I2C_MspInit                          0x08001f55   Thumb Code   188  i2c.o(i.HAL_I2C_MspInit)
    HAL_I2C_SlaveRxCpltCallback              0x08002025   Thumb Code     2  stm32f1xx_hal_i2c.o(i.HAL_I2C_SlaveRxCpltCallback)
    HAL_I2C_SlaveTxCpltCallback              0x08002027   Thumb Code     2  stm32f1xx_hal_i2c.o(i.HAL_I2C_SlaveTxCpltCallback)
    HAL_IncTick                              0x08002029   Thumb Code    16  stm32f1xx_hal.o(i.HAL_IncTick)
    HAL_Init                                 0x08002041   Thumb Code    34  stm32f1xx_hal.o(i.HAL_Init)
    HAL_InitTick                             0x08002069   Thumb Code    64  stm32f1xx_hal.o(i.HAL_InitTick)
    HAL_MspInit                              0x080020b5   Thumb Code    76  stm32f1xx_hal_msp.o(i.HAL_MspInit)
    HAL_NVIC_EnableIRQ                       0x08002109   Thumb Code    32  stm32f1xx_hal_cortex.o(i.HAL_NVIC_EnableIRQ)
    HAL_NVIC_SetPriority                     0x08002129   Thumb Code   124  stm32f1xx_hal_cortex.o(i.HAL_NVIC_SetPriority)
    HAL_NVIC_SetPriorityGrouping             0x080021a5   Thumb Code    32  stm32f1xx_hal_cortex.o(i.HAL_NVIC_SetPriorityGrouping)
    HAL_RCCEx_PeriphCLKConfig                0x080021cd   Thumb Code   290  stm32f1xx_hal_rcc_ex.o(i.HAL_RCCEx_PeriphCLKConfig)
    HAL_RCC_ClockConfig                      0x080022fd   Thumb Code   376  stm32f1xx_hal_rcc.o(i.HAL_RCC_ClockConfig)
    HAL_RCC_GetHCLKFreq                      0x08002489   Thumb Code     6  stm32f1xx_hal_rcc.o(i.HAL_RCC_GetHCLKFreq)
    HAL_RCC_GetPCLK1Freq                     0x08002495   Thumb Code    22  stm32f1xx_hal_rcc.o(i.HAL_RCC_GetPCLK1Freq)
    HAL_RCC_GetPCLK2Freq                     0x080024b5   Thumb Code    22  stm32f1xx_hal_rcc.o(i.HAL_RCC_GetPCLK2Freq)
    HAL_RCC_GetSysClockFreq                  0x080024d5   Thumb Code    92  stm32f1xx_hal_rcc.o(i.HAL_RCC_GetSysClockFreq)
    HAL_RCC_OscConfig                        0x08002545   Thumb Code  1114  stm32f1xx_hal_rcc.o(i.HAL_RCC_OscConfig)
    HAL_SYSTICK_Config                       0x080029a9   Thumb Code    52  stm32f1xx_hal_cortex.o(i.HAL_SYSTICK_Config)
    HAL_TIMEx_BreakCallback                  0x080029dd   Thumb Code     2  stm32f1xx_hal_tim_ex.o(i.HAL_TIMEx_BreakCallback)
    HAL_TIMEx_CommutCallback                 0x080029df   Thumb Code     2  stm32f1xx_hal_tim_ex.o(i.HAL_TIMEx_CommutCallback)
    HAL_TIMEx_MasterConfigSynchronization    0x080029e1   Thumb Code   118  stm32f1xx_hal_tim_ex.o(i.HAL_TIMEx_MasterConfigSynchronization)
    HAL_TIM_Base_Init                        0x08002a65   Thumb Code   102  stm32f1xx_hal_tim.o(i.HAL_TIM_Base_Init)
    HAL_TIM_Base_MspInit                     0x08002acd   Thumb Code   132  tim.o(i.HAL_TIM_Base_MspInit)
    HAL_TIM_Base_Start                       0x08002b61   Thumb Code    94  stm32f1xx_hal_tim.o(i.HAL_TIM_Base_Start)
    HAL_TIM_Base_Stop                        0x08002bcd   Thumb Code    50  stm32f1xx_hal_tim.o(i.HAL_TIM_Base_Stop)
    HAL_TIM_ConfigClockSource                0x08002bff   Thumb Code   268  stm32f1xx_hal_tim.o(i.HAL_TIM_ConfigClockSource)
    HAL_TIM_IC_CaptureCallback               0x08002d0b   Thumb Code     2  stm32f1xx_hal_tim.o(i.HAL_TIM_IC_CaptureCallback)
    HAL_TIM_IRQHandler                       0x08002d0d   Thumb Code   364  stm32f1xx_hal_tim.o(i.HAL_TIM_IRQHandler)
    HAL_TIM_MspPostInit                      0x08002e79   Thumb Code   130  tim.o(i.HAL_TIM_MspPostInit)
    HAL_TIM_OC_DelayElapsedCallback          0x08002f11   Thumb Code     2  stm32f1xx_hal_tim.o(i.HAL_TIM_OC_DelayElapsedCallback)
    HAL_TIM_PWM_ConfigChannel                0x08002f13   Thumb Code   260  stm32f1xx_hal_tim.o(i.HAL_TIM_PWM_ConfigChannel)
    HAL_TIM_PWM_Init                         0x08003017   Thumb Code   102  stm32f1xx_hal_tim.o(i.HAL_TIM_PWM_Init)
    HAL_TIM_PWM_MspInit                      0x0800307d   Thumb Code     2  stm32f1xx_hal_tim.o(i.HAL_TIM_PWM_MspInit)
    HAL_TIM_PWM_PulseFinishedCallback        0x0800307f   Thumb Code     2  stm32f1xx_hal_tim.o(i.HAL_TIM_PWM_PulseFinishedCallback)
    HAL_TIM_PWM_Start_IT                     0x08003081   Thumb Code   280  stm32f1xx_hal_tim.o(i.HAL_TIM_PWM_Start_IT)
    HAL_TIM_PWM_Stop_IT                      0x080031a5   Thumb Code   236  stm32f1xx_hal_tim.o(i.HAL_TIM_PWM_Stop_IT)
    HAL_TIM_PeriodElapsedCallback            0x08003295   Thumb Code     2  stm32f1xx_hal_tim.o(i.HAL_TIM_PeriodElapsedCallback)
    HAL_TIM_TriggerCallback                  0x08003297   Thumb Code     2  stm32f1xx_hal_tim.o(i.HAL_TIM_TriggerCallback)
    HAL_UARTEx_RxEventCallback               0x08003299   Thumb Code     2  stm32f1xx_hal_uart.o(i.HAL_UARTEx_RxEventCallback)
    HAL_UART_DMAStop                         0x0800329b   Thumb Code   138  stm32f1xx_hal_uart.o(i.HAL_UART_DMAStop)
    HAL_UART_ErrorCallback                   0x08003325   Thumb Code     2  stm32f1xx_hal_uart.o(i.HAL_UART_ErrorCallback)
    HAL_UART_Init                            0x08003327   Thumb Code   118  stm32f1xx_hal_uart.o(i.HAL_UART_Init)
    HAL_UART_MspInit                         0x0800339d   Thumb Code   176  usart.o(i.HAL_UART_MspInit)
    HAL_UART_Receive_DMA                     0x08003461   Thumb Code    44  stm32f1xx_hal_uart.o(i.HAL_UART_Receive_DMA)
    HAL_UART_RxCpltCallback                  0x0800348d   Thumb Code     2  usart_sensor.o(i.HAL_UART_RxCpltCallback)
    HAL_UART_RxHalfCpltCallback              0x0800348f   Thumb Code     2  usart_sensor.o(i.HAL_UART_RxHalfCpltCallback)
    HardFault_Handler                        0x08003491   Thumb Code     4  stm32f1xx_it.o(i.HardFault_Handler)
    I2C2_ER_IRQHandler                       0x08003495   Thumb Code    10  stm32f1xx_it.o(i.I2C2_ER_IRQHandler)
    I2C2_EV_IRQHandler                       0x080034a5   Thumb Code    10  stm32f1xx_it.o(i.I2C2_EV_IRQHandler)
    KEY_Scan                                 0x080047b9   Thumb Code    72  key.o(i.KEY_Scan)
    MX_ADC1_Init                             0x0800480d   Thumb Code    80  adc.o(i.MX_ADC1_Init)
    MX_DMA_Init                              0x08004865   Thumb Code    64  dma.o(i.MX_DMA_Init)
    MX_GPIO_Init                             0x080048a9   Thumb Code   292  gpio.o(i.MX_GPIO_Init)
    MX_I2C2_Init                             0x080049dd   Thumb Code    48  i2c.o(i.MX_I2C2_Init)
    MX_TIM1_Init                             0x08004a19   Thumb Code   102  tim.o(i.MX_TIM1_Init)
    MX_TIM3_Init                             0x08004a89   Thumb Code   156  tim.o(i.MX_TIM3_Init)
    MX_TIM4_Init                             0x08004b2d   Thumb Code   154  tim.o(i.MX_TIM4_Init)
    MX_USART1_UART_Init                      0x08004bd1   Thumb Code    46  usart.o(i.MX_USART1_UART_Init)
    MemManage_Handler                        0x08004c09   Thumb Code     4  stm32f1xx_it.o(i.MemManage_Handler)
    NMI_Handler                              0x08004c0d   Thumb Code     4  stm32f1xx_it.o(i.NMI_Handler)
    OLED_draw_point                          0x08004c11   Thumb Code   134  oled.o(i.OLED_draw_point)
    OLED_init                                0x08004c9d   Thumb Code    30  oled.o(i.OLED_init)
    OLED_operate_gram                        0x08004cc5   Thumb Code    34  oled.o(i.OLED_operate_gram)
    OLED_refresh_gram                        0x08004ced   Thumb Code    76  oled.o(i.OLED_refresh_gram)
    OLED_set_pos                             0x08004d4d   Thumb Code    40  oled.o(i.OLED_set_pos)
    OLED_show_char                           0x08004d79   Thumb Code   320  oled.o(i.OLED_show_char)
    OLED_show_num                            0x08004ec1   Thumb Code   136  oled.o(i.OLED_show_num)
    OLED_show_string                         0x08004f49   Thumb Code    56  oled.o(i.OLED_show_string)
    PID_Calculate                            0x08004f81   Thumb Code   236  electrical_regulation.o(i.PID_Calculate)
    PID_Reset                                0x08005079   Thumb Code    14  electrical_regulation.o(i.PID_Reset)
    PWM_SetDuty_pitch                        0x08005089   Thumb Code    32  electrical_regulation.o(i.PWM_SetDuty_pitch)
    PWM_SetDuty_yaw                          0x080050ad   Thumb Code    32  electrical_regulation.o(i.PWM_SetDuty_yaw)
    PWM_SetFreq_pitch                        0x080050d1   Thumb Code    68  electrical_regulation.o(i.PWM_SetFreq_pitch)
    PWM_SetFreq_yaw                          0x0800511d   Thumb Code    68  electrical_regulation.o(i.PWM_SetFreq_yaw)
    PendSV_Handler                           0x0800528d   Thumb Code     2  stm32f1xx_it.o(i.PendSV_Handler)
    SVC_Handler                              0x080052b9   Thumb Code     2  stm32f1xx_it.o(i.SVC_Handler)
    SysTick_Handler                          0x080052bb   Thumb Code     8  stm32f1xx_it.o(i.SysTick_Handler)
    SystemClock_Config                       0x080052c3   Thumb Code   132  main.o(i.SystemClock_Config)
    SystemInit                               0x08005347   Thumb Code     2  system_stm32f1xx.o(i.SystemInit)
    TIM3_IRQHandler                          0x08005349   Thumb Code    10  stm32f1xx_it.o(i.TIM3_IRQHandler)
    TIM_Base_SetConfig                       0x08005359   Thumb Code   120  stm32f1xx_hal_tim.o(i.TIM_Base_SetConfig)
    TIM_CCxChannelCmd                        0x080053dd   Thumb Code    34  stm32f1xx_hal_tim.o(i.TIM_CCxChannelCmd)
    TIM_ETR_SetConfig                        0x080053ff   Thumb Code    22  stm32f1xx_hal_tim.o(i.TIM_ETR_SetConfig)
    TIM_OC2_SetConfig                        0x08005489   Thumb Code   100  stm32f1xx_hal_tim.o(i.TIM_OC2_SetConfig)
    UART_Start_Receive_DMA                   0x080058a5   Thumb Code   186  stm32f1xx_hal_uart.o(i.UART_Start_Receive_DMA)
    USART_Sensor_Init                        0x0800596d   Thumb Code    46  usart_sensor.o(i.USART_Sensor_Init)
    USART_Sensor_Poll                        0x080059a5   Thumb Code   146  usart_sensor.o(i.USART_Sensor_Poll)
    UsageFault_Handler                       0x08005a51   Thumb Code     4  stm32f1xx_it.o(i.UsageFault_Handler)
    close_pitch                              0x08005a8d   Thumb Code    30  electrical_regulation.o(i.close_pitch)
    close_yaw                                0x08005ab5   Thumb Code    28  electrical_regulation.o(i.close_yaw)
    loop                                     0x08005ad9   Thumb Code   158  take.o(i.loop)
    loop_init                                0x08005bb1   Thumb Code    52  take.o(i.loop_init)
    main                                     0x08005bf9   Thumb Code    58  main.o(i.main)
    oled_pow                                 0x08005c33   Thumb Code    22  oled.o(i.oled_pow)
    pitch_drive                              0x08005c49   Thumb Code   154  electrical_regulation.o(i.pitch_drive)
    yaw_drive                                0x08005d01   Thumb Code   152  electrical_regulation.o(i.yaw_drive)
    _get_lc_ctype                            0x08005db1   Thumb Code    44  lc_ctype_c.o(locale$$code)
    __aeabi_fadd                             0x08005ddd   Thumb Code     0  faddsub_clz.o(x$fpl$fadd)
    _fadd                                    0x08005ddd   Thumb Code   196  faddsub_clz.o(x$fpl$fadd)
    __fpl_fcmp_Inf                           0x08005ea1   Thumb Code    24  fcmpi.o(x$fpl$fcmpinf)
    __aeabi_fdiv                             0x08005eb9   Thumb Code     0  fdiv.o(x$fpl$fdiv)
    _fdiv                                    0x08005eb9   Thumb Code   384  fdiv.o(x$fpl$fdiv)
    __aeabi_f2uiz                            0x0800603d   Thumb Code     0  ffixu.o(x$fpl$ffixu)
    _ffixu                                   0x0800603d   Thumb Code    62  ffixu.o(x$fpl$ffixu)
    __aeabi_i2f                              0x0800607d   Thumb Code     0  fflt_clz.o(x$fpl$fflt)
    _fflt                                    0x0800607d   Thumb Code    48  fflt_clz.o(x$fpl$fflt)
    __aeabi_cfcmple                          0x080060ad   Thumb Code     0  fleqf.o(x$fpl$fleqf)
    _fcmple                                  0x080060ad   Thumb Code   104  fleqf.o(x$fpl$fleqf)
    __fpl_fcmple_InfNaN                      0x080060ff   Thumb Code     0  fleqf.o(x$fpl$fleqf)
    __aeabi_fmul                             0x08006115   Thumb Code     0  fmul.o(x$fpl$fmul)
    _fmul                                    0x08006115   Thumb Code   258  fmul.o(x$fpl$fmul)
    __fpl_fnaninf                            0x08006217   Thumb Code   140  fnaninf.o(x$fpl$fnaninf)
    __fpl_fretinf                            0x080062a3   Thumb Code    10  fretinf.o(x$fpl$fretinf)
    __aeabi_cfrcmple                         0x080062ad   Thumb Code     0  frleqf.o(x$fpl$frleqf)
    _frcmple                                 0x080062ad   Thumb Code    98  frleqf.o(x$fpl$frleqf)
    __aeabi_fsub                             0x08006311   Thumb Code     0  faddsub_clz.o(x$fpl$fsub)
    _fsub                                    0x08006311   Thumb Code   234  faddsub_clz.o(x$fpl$fsub)
    __I$use$fp                               0x080063fa   Number         0  usenofp.o(x$fpl$usenofp)
    AHBPrescTable                            0x0800640c   Data          16  system_stm32f1xx.o(.constdata)
    APBPrescTable                            0x0800641c   Data           8  system_stm32f1xx.o(.constdata)
    asc2_1206                                0x08006424   Data        1140  oled.o(.constdata)
    asc2_3216                                0x08006898   Data        1344  oled.o(.constdata)
    chinese_1616                             0x08006dd8   Data         256  oled.o(.constdata)
    Region$$Table$$Base                      0x08006ed8   Number         0  anon$$obj.o(Region$$Table)
    Region$$Table$$Limit                     0x08006ef8   Number         0  anon$$obj.o(Region$$Table)
    __ctype                                  0x08006f05   Data           0  lc_ctype_c.o(locale$$data)
    uwTick                                   0x20000000   Data           4  stm32f1xx_hal.o(.data)
    uwTickPrio                               0x20000004   Data           4  stm32f1xx_hal.o(.data)
    uwTickFreq                               0x20000008   Data           1  stm32f1xx_hal.o(.data)
    SystemCoreClock                          0x2000000c   Data           4  system_stm32f1xx.o(.data)
    yaw_pid                                  0x20000010   Data          40  electrical_regulation.o(.data)
    pitch_pid                                0x20000038   Data          40  electrical_regulation.o(.data)
    current_yaw_angle                        0x20000060   Data           4  electrical_regulation.o(.data)
    current_pitch_angle                      0x20000064   Data           4  electrical_regulation.o(.data)
    I2C1_MemTxFinshFlag                      0x20000068   Data           1  oled.o(.data)
    CountFlag                                0x20000069   Data           1  oled.o(.data)
    BufFinshFlag                             0x2000006a   Data           1  oled.o(.data)
    OLED_Init_CMD                            0x2000006b   Data          29  oled.o(.data)
    cx                                       0x20000094   Data           4  usart_sensor.o(.data)
    cy                                       0x20000098   Data           4  usart_sensor.o(.data)
    lx                                       0x2000009c   Data           4  usart_sensor.o(.data)
    ly                                       0x200000a0   Data           4  usart_sensor.o(.data)
    dist                                     0x200000a4   Data           4  usart_sensor.o(.data)
    hit_state                                0x200000a8   Data           1  usart_sensor.o(.data)
    vision_data_valid                        0x200000a9   Data           1  usart_sensor.o(.data)
    key_start_flag                           0x200000aa   Data           1  key.o(.data)
    hadc1                                    0x200000ac   Data          48  adc.o(.bss)
    hi2c2                                    0x200000dc   Data          84  i2c.o(.bss)
    hdma_i2c2_tx                             0x20000130   Data          68  i2c.o(.bss)
    htim1                                    0x20000174   Data          72  tim.o(.bss)
    htim3                                    0x200001bc   Data          72  tim.o(.bss)
    htim4                                    0x20000204   Data          72  tim.o(.bss)
    huart1                                   0x2000024c   Data          72  usart.o(.bss)
    hdma_usart1_rx                           0x20000294   Data          68  usart.o(.bss)
    OLED_GRAM                                0x200002d8   Data        1024  oled.o(.bss)
    OLED_GRAMbuf                             0x200006d8   Data        1024  oled.o(.bss)
    OLED_CMDbuf                              0x20000ad8   Data          32  oled.o(.bss)
    uart_dma_buf                             0x20000b78   Data         128  usart_sensor.o(.bss)
    __libspace_start                         0x20000c38   Data          96  libspace.o(.bss)
    __temporary_stack_top$libspace           0x20000c98   Data           0  libspace.o(.bss)



==============================================================================

Memory Map of the image

  Image Entry point : 0x080000ed

  Load Region LR_IROM1 (Base: 0x08000000, Size: 0x000070b4, Max: 0x00010000, ABSOLUTE)

    Execution Region ER_IROM1 (Base: 0x08000000, Size: 0x00007008, Max: 0x00010000, ABSOLUTE)

    Base Addr    Size         Type   Attr      Idx    E Section Name        Object

    0x08000000   0x000000ec   Data   RO            3    RESET               startup_stm32f103xb.o
    0x080000ec   0x00000008   Code   RO         4148  * !!!main             c_w.l(__main.o)
    0x080000f4   0x00000034   Code   RO         4514    !!!scatter          c_w.l(__scatter.o)
    0x08000128   0x0000001a   Code   RO         4516    !!handler_copy      c_w.l(__scatter_copy.o)
    0x08000142   0x00000002   PAD
    0x08000144   0x0000001c   Code   RO         4518    !!handler_zi        c_w.l(__scatter_zi.o)
    0x08000160   0x00000002   Code   RO         4376    .ARM.Collect$$libinit$$00000000  c_w.l(libinit.o)
    0x08000162   0x00000000   Code   RO         4392    .ARM.Collect$$libinit$$00000002  c_w.l(libinit2.o)
    0x08000162   0x00000000   Code   RO         4394    .ARM.Collect$$libinit$$00000004  c_w.l(libinit2.o)
    0x08000162   0x00000000   Code   RO         4397    .ARM.Collect$$libinit$$0000000A  c_w.l(libinit2.o)
    0x08000162   0x00000000   Code   RO         4399    .ARM.Collect$$libinit$$0000000C  c_w.l(libinit2.o)
    0x08000162   0x00000000   Code   RO         4401    .ARM.Collect$$libinit$$0000000E  c_w.l(libinit2.o)
    0x08000162   0x00000006   Code   RO         4402    .ARM.Collect$$libinit$$0000000F  c_w.l(libinit2.o)
    0x08000168   0x00000000   Code   RO         4404    .ARM.Collect$$libinit$$00000011  c_w.l(libinit2.o)
    0x08000168   0x0000000c   Code   RO         4405    .ARM.Collect$$libinit$$00000012  c_w.l(libinit2.o)
    0x08000174   0x00000000   Code   RO         4406    .ARM.Collect$$libinit$$00000013  c_w.l(libinit2.o)
    0x08000174   0x00000000   Code   RO         4408    .ARM.Collect$$libinit$$00000015  c_w.l(libinit2.o)
    0x08000174   0x00000000   Code   RO         4410    .ARM.Collect$$libinit$$00000017  c_w.l(libinit2.o)
    0x08000174   0x00000000   Code   RO         4412    .ARM.Collect$$libinit$$00000019  c_w.l(libinit2.o)
    0x08000174   0x00000000   Code   RO         4414    .ARM.Collect$$libinit$$0000001B  c_w.l(libinit2.o)
    0x08000174   0x00000000   Code   RO         4416    .ARM.Collect$$libinit$$0000001D  c_w.l(libinit2.o)
    0x08000174   0x00000000   Code   RO         4418    .ARM.Collect$$libinit$$0000001F  c_w.l(libinit2.o)
    0x08000174   0x00000000   Code   RO         4420    .ARM.Collect$$libinit$$00000021  c_w.l(libinit2.o)
    0x08000174   0x00000000   Code   RO         4422    .ARM.Collect$$libinit$$00000023  c_w.l(libinit2.o)
    0x08000174   0x00000000   Code   RO         4424    .ARM.Collect$$libinit$$00000025  c_w.l(libinit2.o)
    0x08000174   0x00000000   Code   RO         4428    .ARM.Collect$$libinit$$0000002C  c_w.l(libinit2.o)
    0x08000174   0x00000000   Code   RO         4430    .ARM.Collect$$libinit$$0000002E  c_w.l(libinit2.o)
    0x08000174   0x00000000   Code   RO         4432    .ARM.Collect$$libinit$$00000030  c_w.l(libinit2.o)
    0x08000174   0x00000000   Code   RO         4434    .ARM.Collect$$libinit$$00000032  c_w.l(libinit2.o)
    0x08000174   0x00000002   Code   RO         4435    .ARM.Collect$$libinit$$00000033  c_w.l(libinit2.o)
    0x08000176   0x00000002   Code   RO         4455    .ARM.Collect$$libshutdown$$00000000  c_w.l(libshutdown.o)
    0x08000178   0x00000000   Code   RO         4469    .ARM.Collect$$libshutdown$$00000003  c_w.l(libshutdown2.o)
    0x08000178   0x00000000   Code   RO         4472    .ARM.Collect$$libshutdown$$00000006  c_w.l(libshutdown2.o)
    0x08000178   0x00000000   Code   RO         4475    .ARM.Collect$$libshutdown$$00000009  c_w.l(libshutdown2.o)
    0x08000178   0x00000000   Code   RO         4477    .ARM.Collect$$libshutdown$$0000000B  c_w.l(libshutdown2.o)
    0x08000178   0x00000000   Code   RO         4480    .ARM.Collect$$libshutdown$$0000000E  c_w.l(libshutdown2.o)
    0x08000178   0x00000002   Code   RO         4481    .ARM.Collect$$libshutdown$$0000000F  c_w.l(libshutdown2.o)
    0x0800017a   0x00000000   Code   RO         4180    .ARM.Collect$$rtentry$$00000000  c_w.l(__rtentry.o)
    0x0800017a   0x00000000   Code   RO         4294    .ARM.Collect$$rtentry$$00000002  c_w.l(__rtentry2.o)
    0x0800017a   0x00000006   Code   RO         4306    .ARM.Collect$$rtentry$$00000004  c_w.l(__rtentry4.o)
    0x08000180   0x00000000   Code   RO         4296    .ARM.Collect$$rtentry$$00000009  c_w.l(__rtentry2.o)
    0x08000180   0x00000004   Code   RO         4297    .ARM.Collect$$rtentry$$0000000A  c_w.l(__rtentry2.o)
    0x08000184   0x00000000   Code   RO         4299    .ARM.Collect$$rtentry$$0000000C  c_w.l(__rtentry2.o)
    0x08000184   0x00000008   Code   RO         4300    .ARM.Collect$$rtentry$$0000000D  c_w.l(__rtentry2.o)
    0x0800018c   0x00000002   Code   RO         4384    .ARM.Collect$$rtexit$$00000000  c_w.l(rtexit.o)
    0x0800018e   0x00000000   Code   RO         4437    .ARM.Collect$$rtexit$$00000002  c_w.l(rtexit2.o)
    0x0800018e   0x00000004   Code   RO         4438    .ARM.Collect$$rtexit$$00000003  c_w.l(rtexit2.o)
    0x08000192   0x00000006   Code   RO         4439    .ARM.Collect$$rtexit$$00000004  c_w.l(rtexit2.o)
    0x08000198   0x00000040   Code   RO            4    .text               startup_stm32f103xb.o
    0x080001d8   0x0000003c   Code   RO         4136    .text               c_w.l(__0sscanf.o)
    0x08000214   0x0000014c   Code   RO         4138    .text               c_w.l(_scanf_int.o)
    0x08000360   0x00000010   Code   RO         4140    .text               c_w.l(aeabi_memset.o)
    0x08000370   0x00000044   Code   RO         4142    .text               c_w.l(rt_memclr.o)
    0x080003b4   0x0000004e   Code   RO         4144    .text               c_w.l(rt_memclr_w.o)
    0x08000402   0x00000006   Code   RO         4146    .text               c_w.l(heapauxi.o)
    0x08000408   0x0000001c   Code   RO         4272    .text               c_w.l(_chval.o)
    0x08000424   0x0000002c   Code   RO         4274    .text               c_w.l(scanf_char.o)
    0x08000450   0x00000040   Code   RO         4276    .text               c_w.l(_sgetc.o)
    0x08000490   0x00000012   Code   RO         4310    .text               c_w.l(isspace.o)
    0x080004a2   0x00000002   PAD
    0x080004a4   0x00000374   Code   RO         4326    .text               c_w.l(_scanf.o)
    0x08000818   0x0000004a   Code   RO         4330    .text               c_w.l(sys_stackheap_outer.o)
    0x08000862   0x00000002   PAD
    0x08000864   0x00000010   Code   RO         4332    .text               c_w.l(rt_ctype_table.o)
    0x08000874   0x00000008   Code   RO         4337    .text               c_w.l(rt_locale_intlibspace.o)
    0x0800087c   0x0000000c   Code   RO         4369    .text               c_w.l(exit.o)
    0x08000888   0x00000008   Code   RO         4381    .text               c_w.l(libspace.o)
    0x08000890   0x00000080   Code   RO         4389    .text               c_w.l(strcmpv7m.o)
    0x08000910   0x0000000c   Code   RO         4447    .text               c_w.l(sys_exit.o)
    0x0800091c   0x00000002   Code   RO         4458    .text               c_w.l(use_no_semi.o)
    0x0800091e   0x00000000   Code   RO         4460    .text               c_w.l(indicate_semi.o)
    0x0800091e   0x0000005c   Code   RO          587    i.ADC_ConversionStop_Disable  stm32f1xx_hal_adc.o
    0x0800097a   0x00000004   Code   RO          421    i.BusFault_Handler  stm32f1xx_it.o
    0x0800097e   0x00000002   PAD
    0x08000980   0x00000010   Code   RO          422    i.DMA1_Channel4_IRQHandler  stm32f1xx_it.o
    0x08000990   0x00000010   Code   RO          423    i.DMA1_Channel5_IRQHandler  stm32f1xx_it.o
    0x080009a0   0x0000002c   Code   RO         1248    i.DMA_SetConfig     stm32f1xx_hal_dma.o
    0x080009cc   0x00000002   Code   RO          424    i.DebugMon_Handler  stm32f1xx_it.o
    0x080009ce   0x00000006   Code   RO           13    i.Error_Handler     main.o
    0x080009d4   0x000001dc   Code   RO         3742    i.Gimbal_Align_Target  electrical_regulation.o
    0x08000bb0   0x0000007c   Code   RO         3743    i.Gimbal_Return_To_Center  electrical_regulation.o
    0x08000c2c   0x00000160   Code   RO          593    i.HAL_ADC_ConfigChannel  stm32f1xx_hal_adc.o
    0x08000d8c   0x00000144   Code   RO          602    i.HAL_ADC_Init      stm32f1xx_hal_adc.o
    0x08000ed0   0x00000070   Code   RO          212    i.HAL_ADC_MspInit   adc.o
    0x08000f40   0x00000056   Code   RO         1249    i.HAL_DMA_Abort     stm32f1xx_hal_dma.o
    0x08000f96   0x00000002   PAD
    0x08000f98   0x000000b0   Code   RO         1250    i.HAL_DMA_Abort_IT  stm32f1xx_hal_dma.o
    0x08001048   0x00000008   Code   RO         1253    i.HAL_DMA_GetState  stm32f1xx_hal_dma.o
    0x08001050   0x0000019c   Code   RO         1254    i.HAL_DMA_IRQHandler  stm32f1xx_hal_dma.o
    0x080011ec   0x00000068   Code   RO         1255    i.HAL_DMA_Init      stm32f1xx_hal_dma.o
    0x08001254   0x0000009c   Code   RO         1259    i.HAL_DMA_Start_IT  stm32f1xx_hal_dma.o
    0x080012f0   0x00000028   Code   RO          870    i.HAL_Delay         stm32f1xx_hal.o
    0x08001318   0x00000320   Code   RO         1185    i.HAL_GPIO_Init     stm32f1xx_hal_gpio.o
    0x08001638   0x00000010   Code   RO         1187    i.HAL_GPIO_ReadPin  stm32f1xx_hal_gpio.o
    0x08001648   0x0000000c   Code   RO         1189    i.HAL_GPIO_WritePin  stm32f1xx_hal_gpio.o
    0x08001654   0x0000000c   Code   RO          874    i.HAL_GetTick       stm32f1xx_hal.o
    0x08001660   0x00000002   Code   RO         1871    i.HAL_I2C_AbortCpltCallback  stm32f1xx_hal_i2c.o
    0x08001662   0x00000002   Code   RO         1872    i.HAL_I2C_AddrCallback  stm32f1xx_hal_i2c.o
    0x08001664   0x000000e0   Code   RO         1875    i.HAL_I2C_ER_IRQHandler  stm32f1xx_hal_i2c.o
    0x08001744   0x000001da   Code   RO         1876    i.HAL_I2C_EV_IRQHandler  stm32f1xx_hal_i2c.o
    0x0800191e   0x00000002   Code   RO         1878    i.HAL_I2C_ErrorCallback  stm32f1xx_hal_i2c.o
    0x08001920   0x000001d0   Code   RO         1882    i.HAL_I2C_Init      stm32f1xx_hal_i2c.o
    0x08001af0   0x00000002   Code   RO         1884    i.HAL_I2C_ListenCpltCallback  stm32f1xx_hal_i2c.o
    0x08001af2   0x00000002   Code   RO         1885    i.HAL_I2C_MasterRxCpltCallback  stm32f1xx_hal_i2c.o
    0x08001af4   0x00000038   Code   RO         3901    i.HAL_I2C_MasterTxCpltCallback  oled.o
    0x08001b2c   0x000001c4   Code   RO         1896    i.HAL_I2C_Master_Transmit_DMA  stm32f1xx_hal_i2c.o
    0x08001cf0   0x00000002   Code   RO         1898    i.HAL_I2C_MemRxCpltCallback  stm32f1xx_hal_i2c.o
    0x08001cf2   0x00000002   PAD
    0x08001cf4   0x0000004c   Code   RO         3902    i.HAL_I2C_MemTxCpltCallback  oled.o
    0x08001d40   0x00000214   Code   RO         1904    i.HAL_I2C_Mem_Write_DMA  stm32f1xx_hal_i2c.o
    0x08001f54   0x000000d0   Code   RO          278    i.HAL_I2C_MspInit   i2c.o
    0x08002024   0x00000002   Code   RO         1908    i.HAL_I2C_SlaveRxCpltCallback  stm32f1xx_hal_i2c.o
    0x08002026   0x00000002   Code   RO         1909    i.HAL_I2C_SlaveTxCpltCallback  stm32f1xx_hal_i2c.o
    0x08002028   0x00000018   Code   RO          880    i.HAL_IncTick       stm32f1xx_hal.o
    0x08002040   0x00000028   Code   RO          881    i.HAL_Init          stm32f1xx_hal.o
    0x08002068   0x0000004c   Code   RO          882    i.HAL_InitTick      stm32f1xx_hal.o
    0x080020b4   0x00000054   Code   RO          527    i.HAL_MspInit       stm32f1xx_hal_msp.o
    0x08002108   0x00000020   Code   RO         1345    i.HAL_NVIC_EnableIRQ  stm32f1xx_hal_cortex.o
    0x08002128   0x0000007c   Code   RO         1351    i.HAL_NVIC_SetPriority  stm32f1xx_hal_cortex.o
    0x080021a4   0x00000028   Code   RO         1352    i.HAL_NVIC_SetPriorityGrouping  stm32f1xx_hal_cortex.o
    0x080021cc   0x00000130   Code   RO         1147    i.HAL_RCCEx_PeriphCLKConfig  stm32f1xx_hal_rcc_ex.o
    0x080022fc   0x0000018c   Code   RO         1038    i.HAL_RCC_ClockConfig  stm32f1xx_hal_rcc.o
    0x08002488   0x0000000c   Code   RO         1043    i.HAL_RCC_GetHCLKFreq  stm32f1xx_hal_rcc.o
    0x08002494   0x00000020   Code   RO         1045    i.HAL_RCC_GetPCLK1Freq  stm32f1xx_hal_rcc.o
    0x080024b4   0x00000020   Code   RO         1046    i.HAL_RCC_GetPCLK2Freq  stm32f1xx_hal_rcc.o
    0x080024d4   0x00000070   Code   RO         1047    i.HAL_RCC_GetSysClockFreq  stm32f1xx_hal_rcc.o
    0x08002544   0x00000464   Code   RO         1050    i.HAL_RCC_OscConfig  stm32f1xx_hal_rcc.o
    0x080029a8   0x00000034   Code   RO         1356    i.HAL_SYSTICK_Config  stm32f1xx_hal_cortex.o
    0x080029dc   0x00000002   Code   RO         3065    i.HAL_TIMEx_BreakCallback  stm32f1xx_hal_tim_ex.o
    0x080029de   0x00000002   Code   RO         3066    i.HAL_TIMEx_CommutCallback  stm32f1xx_hal_tim_ex.o
    0x080029e0   0x00000084   Code   RO         3084    i.HAL_TIMEx_MasterConfigSynchronization  stm32f1xx_hal_tim_ex.o
    0x08002a64   0x00000066   Code   RO         2350    i.HAL_TIM_Base_Init  stm32f1xx_hal_tim.o
    0x08002aca   0x00000002   PAD
    0x08002acc   0x00000094   Code   RO          320    i.HAL_TIM_Base_MspInit  tim.o
    0x08002b60   0x0000006c   Code   RO         2353    i.HAL_TIM_Base_Start  stm32f1xx_hal_tim.o
    0x08002bcc   0x00000032   Code   RO         2356    i.HAL_TIM_Base_Stop  stm32f1xx_hal_tim.o
    0x08002bfe   0x0000010c   Code   RO         2359    i.HAL_TIM_ConfigClockSource  stm32f1xx_hal_tim.o
    0x08002d0a   0x00000002   Code   RO         2384    i.HAL_TIM_IC_CaptureCallback  stm32f1xx_hal_tim.o
    0x08002d0c   0x0000016c   Code   RO         2398    i.HAL_TIM_IRQHandler  stm32f1xx_hal_tim.o
    0x08002e78   0x00000098   Code   RO          321    i.HAL_TIM_MspPostInit  tim.o
    0x08002f10   0x00000002   Code   RO         2401    i.HAL_TIM_OC_DelayElapsedCallback  stm32f1xx_hal_tim.o
    0x08002f12   0x00000104   Code   RO         2422    i.HAL_TIM_PWM_ConfigChannel  stm32f1xx_hal_tim.o
    0x08003016   0x00000066   Code   RO         2425    i.HAL_TIM_PWM_Init  stm32f1xx_hal_tim.o
    0x0800307c   0x00000002   Code   RO         2427    i.HAL_TIM_PWM_MspInit  stm32f1xx_hal_tim.o
    0x0800307e   0x00000002   Code   RO         2428    i.HAL_TIM_PWM_PulseFinishedCallback  stm32f1xx_hal_tim.o
    0x08003080   0x00000124   Code   RO         2432    i.HAL_TIM_PWM_Start_IT  stm32f1xx_hal_tim.o
    0x080031a4   0x000000f0   Code   RO         2435    i.HAL_TIM_PWM_Stop_IT  stm32f1xx_hal_tim.o
    0x08003294   0x00000002   Code   RO         2436    i.HAL_TIM_PeriodElapsedCallback  stm32f1xx_hal_tim.o
    0x08003296   0x00000002   Code   RO         2441    i.HAL_TIM_TriggerCallback  stm32f1xx_hal_tim.o
    0x08003298   0x00000002   Code   RO         3344    i.HAL_UARTEx_RxEventCallback  stm32f1xx_hal_uart.o
    0x0800329a   0x0000008a   Code   RO         3356    i.HAL_UART_DMAStop  stm32f1xx_hal_uart.o
    0x08003324   0x00000002   Code   RO         3358    i.HAL_UART_ErrorCallback  stm32f1xx_hal_uart.o
    0x08003326   0x00000076   Code   RO         3362    i.HAL_UART_Init     stm32f1xx_hal_uart.o
    0x0800339c   0x000000c4   Code   RO          380    i.HAL_UART_MspInit  usart.o
    0x08003460   0x0000002c   Code   RO         3366    i.HAL_UART_Receive_DMA  stm32f1xx_hal_uart.o
    0x0800348c   0x00000002   Code   RO         4039    i.HAL_UART_RxCpltCallback  usart_sensor.o
    0x0800348e   0x00000002   Code   RO         4040    i.HAL_UART_RxHalfCpltCallback  usart_sensor.o
    0x08003490   0x00000004   Code   RO          425    i.HardFault_Handler  stm32f1xx_it.o
    0x08003494   0x00000010   Code   RO          426    i.I2C2_ER_IRQHandler  stm32f1xx_it.o
    0x080034a4   0x00000010   Code   RO          427    i.I2C2_EV_IRQHandler  stm32f1xx_it.o
    0x080034b4   0x0000001c   Code   RO         1920    i.I2C_ConvertOtherXferOptions  stm32f1xx_hal_i2c.o
    0x080034d0   0x000000f8   Code   RO         1921    i.I2C_DMAAbort      stm32f1xx_hal_i2c.o
    0x080035c8   0x00000046   Code   RO         1922    i.I2C_DMAError      stm32f1xx_hal_i2c.o
    0x0800360e   0x0000013e   Code   RO         1923    i.I2C_DMAXferCplt   stm32f1xx_hal_i2c.o
    0x0800374c   0x00000012   Code   RO         1924    i.I2C_Flush_DR      stm32f1xx_hal_i2c.o
    0x0800375e   0x00000002   PAD
    0x08003760   0x000001ac   Code   RO         1925    i.I2C_ITError       stm32f1xx_hal_i2c.o
    0x0800390c   0x0000003e   Code   RO         1926    i.I2C_IsAcknowledgeFailed  stm32f1xx_hal_i2c.o
    0x0800394a   0x00000130   Code   RO         1927    i.I2C_MasterReceive_BTF  stm32f1xx_hal_i2c.o
    0x08003a7a   0x00000104   Code   RO         1928    i.I2C_MasterReceive_RXNE  stm32f1xx_hal_i2c.o
    0x08003b7e   0x000000a0   Code   RO         1931    i.I2C_MasterTransmit_BTF  stm32f1xx_hal_i2c.o
    0x08003c1e   0x000000d8   Code   RO         1932    i.I2C_MasterTransmit_TXE  stm32f1xx_hal_i2c.o
    0x08003cf6   0x0000002a   Code   RO         1933    i.I2C_Master_ADD10  stm32f1xx_hal_i2c.o
    0x08003d20   0x00000280   Code   RO         1934    i.I2C_Master_ADDR   stm32f1xx_hal_i2c.o
    0x08003fa0   0x0000009e   Code   RO         1935    i.I2C_Master_SB     stm32f1xx_hal_i2c.o
    0x0800403e   0x000000c6   Code   RO         1936    i.I2C_MemoryTransmit_TXE_BTF  stm32f1xx_hal_i2c.o
    0x08004104   0x000000e0   Code   RO         1938    i.I2C_RequestMemoryWrite  stm32f1xx_hal_i2c.o
    0x080041e4   0x0000001a   Code   RO         1939    i.I2C_SlaveReceive_BTF  stm32f1xx_hal_i2c.o
    0x080041fe   0x00000046   Code   RO         1940    i.I2C_SlaveReceive_RXNE  stm32f1xx_hal_i2c.o
    0x08004244   0x0000001a   Code   RO         1941    i.I2C_SlaveTransmit_BTF  stm32f1xx_hal_i2c.o
    0x0800425e   0x00000046   Code   RO         1942    i.I2C_SlaveTransmit_TXE  stm32f1xx_hal_i2c.o
    0x080042a4   0x00000070   Code   RO         1943    i.I2C_Slave_ADDR    stm32f1xx_hal_i2c.o
    0x08004314   0x000000a8   Code   RO         1944    i.I2C_Slave_AF      stm32f1xx_hal_i2c.o
    0x080043bc   0x0000018c   Code   RO         1945    i.I2C_Slave_STOPF   stm32f1xx_hal_i2c.o
    0x08004548   0x000000be   Code   RO         1947    i.I2C_WaitOnFlagUntilTimeout  stm32f1xx_hal_i2c.o
    0x08004606   0x000000fa   Code   RO         1948    i.I2C_WaitOnMasterAddressFlagUntilTimeout  stm32f1xx_hal_i2c.o
    0x08004700   0x00000050   Code   RO         1951    i.I2C_WaitOnSTOPRequestThroughIT  stm32f1xx_hal_i2c.o
    0x08004750   0x00000066   Code   RO         1952    i.I2C_WaitOnTXEFlagUntilTimeout  stm32f1xx_hal_i2c.o
    0x080047b6   0x00000002   PAD
    0x080047b8   0x00000054   Code   RO         4103    i.KEY_Scan          key.o
    0x0800480c   0x00000058   Code   RO          213    i.MX_ADC1_Init      adc.o
    0x08004864   0x00000044   Code   RO          253    i.MX_DMA_Init       dma.o
    0x080048a8   0x00000134   Code   RO          187    i.MX_GPIO_Init      gpio.o
    0x080049dc   0x0000003c   Code   RO          279    i.MX_I2C2_Init      i2c.o
    0x08004a18   0x00000070   Code   RO          322    i.MX_TIM1_Init      tim.o
    0x08004a88   0x000000a4   Code   RO          323    i.MX_TIM3_Init      tim.o
    0x08004b2c   0x000000a4   Code   RO          324    i.MX_TIM4_Init      tim.o
    0x08004bd0   0x00000038   Code   RO          381    i.MX_USART1_UART_Init  usart.o
    0x08004c08   0x00000004   Code   RO          428    i.MemManage_Handler  stm32f1xx_it.o
    0x08004c0c   0x00000004   Code   RO          429    i.NMI_Handler       stm32f1xx_it.o
    0x08004c10   0x0000008c   Code   RO         3905    i.OLED_draw_point   oled.o
    0x08004c9c   0x00000028   Code   RO         3906    i.OLED_init         oled.o
    0x08004cc4   0x00000028   Code   RO         3907    i.OLED_operate_gram  oled.o
    0x08004cec   0x00000060   Code   RO         3909    i.OLED_refresh_gram  oled.o
    0x08004d4c   0x0000002c   Code   RO         3910    i.OLED_set_pos      oled.o
    0x08004d78   0x00000148   Code   RO         3911    i.OLED_show_char    oled.o
    0x08004ec0   0x00000088   Code   RO         3914    i.OLED_show_num     oled.o
    0x08004f48   0x00000038   Code   RO         3915    i.OLED_show_string  oled.o
    0x08004f80   0x000000f8   Code   RO         3744    i.PID_Calculate     electrical_regulation.o
    0x08005078   0x0000000e   Code   RO         3745    i.PID_Reset         electrical_regulation.o
    0x08005086   0x00000002   PAD
    0x08005088   0x00000024   Code   RO         3746    i.PWM_SetDuty_pitch  electrical_regulation.o
    0x080050ac   0x00000024   Code   RO         3747    i.PWM_SetDuty_yaw   electrical_regulation.o
    0x080050d0   0x0000004c   Code   RO         3748    i.PWM_SetFreq_pitch  electrical_regulation.o
    0x0800511c   0x0000004c   Code   RO         3749    i.PWM_SetFreq_yaw   electrical_regulation.o
    0x08005168   0x00000124   Code   RO         4041    i.Parse_Vision_Frame  usart_sensor.o
    0x0800528c   0x00000002   Code   RO          430    i.PendSV_Handler    stm32f1xx_it.o
    0x0800528e   0x00000002   PAD
    0x08005290   0x00000028   Code   RO         1051    i.RCC_Delay         stm32f1xx_hal_rcc.o
    0x080052b8   0x00000002   Code   RO          431    i.SVC_Handler       stm32f1xx_it.o
    0x080052ba   0x00000008   Code   RO          432    i.SysTick_Handler   stm32f1xx_it.o
    0x080052c2   0x00000084   Code   RO           14    i.SystemClock_Config  main.o
    0x08005346   0x00000002   Code   RO         3706    i.SystemInit        system_stm32f1xx.o
    0x08005348   0x00000010   Code   RO          433    i.TIM3_IRQHandler   stm32f1xx_it.o
    0x08005358   0x00000084   Code   RO         2443    i.TIM_Base_SetConfig  stm32f1xx_hal_tim.o
    0x080053dc   0x00000022   Code   RO         2444    i.TIM_CCxChannelCmd  stm32f1xx_hal_tim.o
    0x080053fe   0x00000016   Code   RO         2454    i.TIM_ETR_SetConfig  stm32f1xx_hal_tim.o
    0x08005414   0x00000012   Code   RO         2455    i.TIM_ITRx_SetConfig  stm32f1xx_hal_tim.o
    0x08005426   0x00000002   PAD
    0x08005428   0x00000060   Code   RO         2456    i.TIM_OC1_SetConfig  stm32f1xx_hal_tim.o
    0x08005488   0x00000068   Code   RO         2457    i.TIM_OC2_SetConfig  stm32f1xx_hal_tim.o
    0x080054f0   0x00000068   Code   RO         2458    i.TIM_OC3_SetConfig  stm32f1xx_hal_tim.o
    0x08005558   0x00000048   Code   RO         2459    i.TIM_OC4_SetConfig  stm32f1xx_hal_tim.o
    0x080055a0   0x00000026   Code   RO         2461    i.TIM_TI1_ConfigInputStage  stm32f1xx_hal_tim.o
    0x080055c6   0x00000028   Code   RO         2463    i.TIM_TI2_ConfigInputStage  stm32f1xx_hal_tim.o
    0x080055ee   0x00000050   Code   RO         3376    i.UART_DMAError     stm32f1xx_hal_uart.o
    0x0800563e   0x000000b4   Code   RO         3377    i.UART_DMAReceiveCplt  stm32f1xx_hal_uart.o
    0x080056f2   0x00000024   Code   RO         3379    i.UART_DMARxHalfCplt  stm32f1xx_hal_uart.o
    0x08005716   0x0000006c   Code   RO         3385    i.UART_EndRxTransfer  stm32f1xx_hal_uart.o
    0x08005782   0x00000026   Code   RO         3387    i.UART_EndTxTransfer  stm32f1xx_hal_uart.o
    0x080057a8   0x000000fc   Code   RO         3389    i.UART_SetConfig    stm32f1xx_hal_uart.o
    0x080058a4   0x000000c8   Code   RO         3390    i.UART_Start_Receive_DMA  stm32f1xx_hal_uart.o
    0x0800596c   0x00000038   Code   RO         4043    i.USART_Sensor_Init  usart_sensor.o
    0x080059a4   0x000000ac   Code   RO         4044    i.USART_Sensor_Poll  usart_sensor.o
    0x08005a50   0x00000004   Code   RO          434    i.UsageFault_Handler  stm32f1xx_it.o
    0x08005a54   0x00000010   Code   RO         1358    i.__NVIC_GetPriorityGrouping  stm32f1xx_hal_cortex.o
    0x08005a64   0x00000028   Code   RO         1359    i.__NVIC_SetPriority  stm32f1xx_hal_cortex.o
    0x08005a8c   0x00000028   Code   RO         3751    i.close_pitch       electrical_regulation.o
    0x08005ab4   0x00000024   Code   RO         3752    i.close_yaw         electrical_regulation.o
    0x08005ad8   0x000000d8   Code   RO         3851    i.loop              take.o
    0x08005bb0   0x00000048   Code   RO         3852    i.loop_init         take.o
    0x08005bf8   0x0000003a   Code   RO           15    i.main              main.o
    0x08005c32   0x00000016   Code   RO         3917    i.oled_pow          oled.o
    0x08005c48   0x000000b8   Code   RO         3753    i.pitch_drive       electrical_regulation.o
    0x08005d00   0x000000b0   Code   RO         3754    i.yaw_drive         electrical_regulation.o
    0x08005db0   0x0000002c   Code   RO         4387    locale$$code        c_w.l(lc_ctype_c.o)
    0x08005ddc   0x000000c4   Code   RO         4150    x$fpl$fadd          fz_ws.l(faddsub_clz.o)
    0x08005ea0   0x00000018   Code   RO         4278    x$fpl$fcmpinf       fz_ws.l(fcmpi.o)
    0x08005eb8   0x00000184   Code   RO         4157    x$fpl$fdiv          fz_ws.l(fdiv.o)
    0x0800603c   0x0000003e   Code   RO         4164    x$fpl$ffixu         fz_ws.l(ffixu.o)
    0x0800607a   0x00000002   PAD
    0x0800607c   0x00000030   Code   RO         4169    x$fpl$fflt          fz_ws.l(fflt_clz.o)
    0x080060ac   0x00000068   Code   RO         4174    x$fpl$fleqf         fz_ws.l(fleqf.o)
    0x08006114   0x00000102   Code   RO         4176    x$fpl$fmul          fz_ws.l(fmul.o)
    0x08006216   0x0000008c   Code   RO         4280    x$fpl$fnaninf       fz_ws.l(fnaninf.o)
    0x080062a2   0x0000000a   Code   RO         4282    x$fpl$fretinf       fz_ws.l(fretinf.o)
    0x080062ac   0x00000062   Code   RO         4178    x$fpl$frleqf        fz_ws.l(frleqf.o)
    0x0800630e   0x00000002   PAD
    0x08006310   0x000000ea   Code   RO         4152    x$fpl$fsub          fz_ws.l(faddsub_clz.o)
    0x080063fa   0x00000000   Code   RO         4292    x$fpl$usenofp       fz_ws.l(usenofp.o)
    0x080063fa   0x00000012   Data   RO         1052    .constdata          stm32f1xx_hal_rcc.o
    0x0800640c   0x00000018   Data   RO         3707    .constdata          system_stm32f1xx.o
    0x08006424   0x00000ab4   Data   RO         3919    .constdata          oled.o
    0x08006ed8   0x00000020   Data   RO         4512    Region$$Table       anon$$obj.o
    0x08006ef8   0x00000110   Data   RO         4386    locale$$data        c_w.l(lc_ctype_c.o)


    Execution Region RW_IRAM1 (Base: 0x20000000, Size: 0x00001298, Max: 0x00005000, ABSOLUTE)

    Base Addr    Size         Type   Attr      Idx    E Section Name        Object

    0x20000000   0x00000009   Data   RW          888    .data               stm32f1xx_hal.o
    0x20000009   0x00000003   PAD
    0x2000000c   0x00000004   Data   RW         3708    .data               system_stm32f1xx.o
    0x20000010   0x00000058   Data   RW         3755    .data               electrical_regulation.o
    0x20000068   0x00000024   Data   RW         3920    .data               oled.o
    0x2000008c   0x0000001e   Data   RW         4046    .data               usart_sensor.o
    0x200000aa   0x00000002   Data   RW         4104    .data               key.o
    0x200000ac   0x00000030   Zero   RW          214    .bss                adc.o
    0x200000dc   0x00000098   Zero   RW          280    .bss                i2c.o
    0x20000174   0x000000d8   Zero   RW          325    .bss                tim.o
    0x2000024c   0x0000008c   Zero   RW          382    .bss                usart.o
    0x200002d8   0x000008a0   Zero   RW         3918    .bss                oled.o
    0x20000b78   0x000000c0   Zero   RW         4045    .bss                usart_sensor.o
    0x20000c38   0x00000060   Zero   RW         4382    .bss                c_w.l(libspace.o)
    0x20000c98   0x00000200   Zero   RW            2    HEAP                startup_stm32f103xb.o
    0x20000e98   0x00000400   Zero   RW            1    STACK               startup_stm32f103xb.o


==============================================================================

Image component sizes


      Code (inc. data)   RO Data    RW Data    ZI Data      Debug   Object Name

       200         22          0          0         48       1581   adc.o
        68          4          0          0          0        722   dma.o
      1522        168          0         88          0       9970   electrical_regulation.o
       308         16          0          0          0       1003   gpio.o
       268         32          0          0        152       1630   i2c.o
        84         12          0          2          0        704   key.o
       196          0          0          0          0     449844   main.o
      1034         88       2740         36       2208       9668   oled.o
        64         26        236          0       1536        788   startup_stm32f103xb.o
       192         36          0          9          0       5753   stm32f1xx_hal.o
       768         24          0          0          0       3028   stm32f1xx_hal_adc.o
       304         22          0          0          0      29255   stm32f1xx_hal_cortex.o
       986         12          0          0          0       5225   stm32f1xx_hal_dma.o
       828         34          0          0          0       3231   stm32f1xx_hal_gpio.o
      7026         94          0          0          0      30324   stm32f1xx_hal_i2c.o
        84          8          0          0          0        866   stm32f1xx_hal_msp.o
      1748         98         18          0          0       5816   stm32f1xx_hal_rcc.o
       304         14          0          0          0       1360   stm32f1xx_hal_rcc_ex.o
      2458         62          0          0          0      17162   stm32f1xx_hal_tim.o
       136         14          0          0          0       2345   stm32f1xx_hal_tim_ex.o
      1198         18          0          0          0       8337   stm32f1xx_hal_uart.o
       114         30          0          0          0       6064   stm32f1xx_it.o
         2          0         24          4          0       1071   system_stm32f1xx.o
       288         78          0          0          0        871   take.o
       740         66          0          0        216       3670   tim.o
       252         30          0          0        140       1677   usart.o
       524        112          0         30        192       3896   usart_sensor.o

    ----------------------------------------------------------------------
     21714       1120       3050        172       4492     605861   Object Totals
         0          0         32          0          0          0   (incl. Generated)
        18          0          0          3          0          0   (incl. Padding)

    ----------------------------------------------------------------------

      Code (inc. data)   RO Data    RW Data    ZI Data      Debug   Library Member Name

        60          8          0          0          0         84   __0sscanf.o
         8          0          0          0          0         68   __main.o
         0          0          0          0          0          0   __rtentry.o
        12          0          0          0          0          0   __rtentry2.o
         6          0          0          0          0          0   __rtentry4.o
        52          8          0          0          0          0   __scatter.o
        26          0          0          0          0          0   __scatter_copy.o
        28          0          0          0          0          0   __scatter_zi.o
        28          0          0          0          0         68   _chval.o
       884          6          0          0          0        100   _scanf.o
       332          0          0          0          0         96   _scanf_int.o
        64          0          0          0          0         84   _sgetc.o
        16          0          0          0          0         68   aeabi_memset.o
        12          0          0          0          0         72   exit.o
         6          0          0          0          0        152   heapauxi.o
         0          0          0          0          0          0   indicate_semi.o
        18          0          0          0          0         76   isspace.o
        44         10        272          0          0         76   lc_ctype_c.o
         2          0          0          0          0          0   libinit.o
        20          0          0          0          0          0   libinit2.o
         2          0          0          0          0          0   libshutdown.o
         2          0          0          0          0          0   libshutdown2.o
         8          4          0          0         96         68   libspace.o
        16          4          0          0          0         76   rt_ctype_table.o
         8          4          0          0          0         68   rt_locale_intlibspace.o
        68          0          0          0          0         68   rt_memclr.o
        78          0          0          0          0         80   rt_memclr_w.o
         2          0          0          0          0          0   rtexit.o
        10          0          0          0          0          0   rtexit2.o
        44          8          0          0          0         84   scanf_char.o
       128          0          0          0          0         68   strcmpv7m.o
        12          4          0          0          0         68   sys_exit.o
        74          0          0          0          0         80   sys_stackheap_outer.o
         2          0          0          0          0         68   use_no_semi.o
       430          8          0          0          0        168   faddsub_clz.o
        24          0          0          0          0         68   fcmpi.o
       388         76          0          0          0         96   fdiv.o
        62          4          0          0          0         84   ffixu.o
        48          0          0          0          0         68   fflt_clz.o
       104          4          0          0          0         84   fleqf.o
       258          4          0          0          0         84   fmul.o
       140          4          0          0          0         84   fnaninf.o
        10          0          0          0          0         68   fretinf.o
        98          0          0          0          0         68   frleqf.o
         0          0          0          0          0          0   usenofp.o

    ----------------------------------------------------------------------
      3644        156        272          0         96       2544   Library Totals
        10          0          0          0          0          0   (incl. Padding)

    ----------------------------------------------------------------------

      Code (inc. data)   RO Data    RW Data    ZI Data      Debug   Library Name

      2072         56        272          0         96       1672   c_w.l
      1562        100          0          0          0        872   fz_ws.l

    ----------------------------------------------------------------------
      3644        156        272          0         96       2544   Library Totals

    ----------------------------------------------------------------------

==============================================================================


      Code (inc. data)   RO Data    RW Data    ZI Data      Debug   

     25358       1276       3322        172       4588     598157   Grand Totals
     25358       1276       3322        172       4588     598157   ELF Image Totals
     25358       1276       3322        172          0          0   ROM Totals

==============================================================================

    Total RO  Size (Code + RO Data)                28680 (  28.01kB)
    Total RW  Size (RW Data + ZI Data)              4760 (   4.65kB)
    Total ROM Size (Code + RO Data + RW Data)      28852 (  28.18kB)

==============================================================================

